Component: ARM Compiler 5.06 update 6 (build 750) Tool: armlink [4d35ed]

==============================================================================

Section Cross References

    startup_stm32f107xc.o(RESET) refers to startup_stm32f107xc.o(STACK) for __initial_sp
    startup_stm32f107xc.o(RESET) refers to startup_stm32f107xc.o(.text) for Reset_Handler
    startup_stm32f107xc.o(RESET) refers to stm32f1xx_it.o(i.NMI_Handler) for NMI_Handler
    startup_stm32f107xc.o(RESET) refers to stm32f1xx_it.o(i.HardFault_Handler) for HardFault_Handler
    startup_stm32f107xc.o(RESET) refers to stm32f1xx_it.o(i.MemManage_Handler) for MemManage_Handler
    startup_stm32f107xc.o(RESET) refers to stm32f1xx_it.o(i.BusFault_Handler) for BusFault_Handler
    startup_stm32f107xc.o(RESET) refers to stm32f1xx_it.o(i.UsageFault_Handler) for UsageFault_Handler
    startup_stm32f107xc.o(RESET) refers to stm32f1xx_it.o(i.SVC_Handler) for SVC_Handler
    startup_stm32f107xc.o(RESET) refers to stm32f1xx_it.o(i.DebugMon_Handler) for DebugMon_Handler
    startup_stm32f107xc.o(RESET) refers to stm32f1xx_it.o(i.PendSV_Handler) for PendSV_Handler
    startup_stm32f107xc.o(RESET) refers to stm32f1xx_it.o(i.SysTick_Handler) for SysTick_Handler
    startup_stm32f107xc.o(.text) refers to system_stm32f1xx.o(i.SystemInit) for SystemInit
    startup_stm32f107xc.o(.text) refers to entry.o(.ARM.Collect$$$$00000000) for __main
    fs_custom.o(i.fs_close_custom) refers to lfs.o(i.lfs_file_close) for lfs_file_close
    fs_custom.o(i.fs_close_custom) refers to malloc.o(i.free) for free
    fs_custom.o(i.fs_close_custom) refers to main.o(.bss) for lfs
    fs_custom.o(i.fs_open_custom) refers to malloc.o(i.malloc) for malloc
    fs_custom.o(i.fs_open_custom) refers to memseta.o(.text) for __aeabi_memclr4
    fs_custom.o(i.fs_open_custom) refers to lfs.o(i.lfs_file_open) for lfs_file_open
    fs_custom.o(i.fs_open_custom) refers to malloc.o(i.free) for free
    fs_custom.o(i.fs_open_custom) refers to lfs.o(i.lfs_stat) for lfs_stat
    fs_custom.o(i.fs_open_custom) refers to main.o(.bss) for lfs
    fs_custom.o(i.fs_open_custom) refers to main.o(.bss) for info
    fs_custom.o(i.fs_read_custom) refers to lfs.o(i.lfs_file_seek) for lfs_file_seek
    fs_custom.o(i.fs_read_custom) refers to lfs.o(i.lfs_file_read) for lfs_file_read
    fs_custom.o(i.fs_read_custom) refers to main.o(.bss) for lfs
    main.o(i.LFS_Config) refers to main.o(i.block_device_read) for block_device_read
    main.o(i.LFS_Config) refers to main.o(.bss) for .bss
    main.o(i.LFS_Config) refers to main.o(i.block_device_prog) for block_device_prog
    main.o(i.LFS_Config) refers to main.o(i.block_device_erase) for block_device_erase
    main.o(i.LFS_Config) refers to main.o(i.block_device_sync) for block_device_sync
    main.o(i.SystemClock_Config) refers to memseta.o(.text) for __aeabi_memclr4
    main.o(i.SystemClock_Config) refers to stm32f1xx_hal_rcc.o(i.HAL_RCC_OscConfig) for HAL_RCC_OscConfig
    main.o(i.SystemClock_Config) refers to stm32f1xx_hal_rcc.o(i.HAL_RCC_ClockConfig) for HAL_RCC_ClockConfig
    main.o(i.SystemClock_Config) refers to stm32f1xx_hal_rcc.o(i.HAL_RCC_MCOConfig) for HAL_RCC_MCOConfig
    main.o(i.TFTP_Config) refers to main.o(i.tftp_open) for tftp_open
    main.o(i.TFTP_Config) refers to main.o(.bss) for .bss
    main.o(i.TFTP_Config) refers to main.o(i.tftp_close) for tftp_close
    main.o(i.TFTP_Config) refers to main.o(i.tftp_read) for tftp_read
    main.o(i.TFTP_Config) refers to main.o(i.tftp_write) for tftp_write
    main.o(i.block_device_erase) refers to w25qxx.o(i.W25qxx_EraseSector) for W25qxx_EraseSector
    main.o(i.block_device_prog) refers to w25qxx.o(i.W25qxx_WriteNoCheck) for W25qxx_WriteNoCheck
    main.o(i.block_device_read) refers to w25qxx.o(i.W25qxx_ReadBytes) for W25qxx_ReadBytes
    main.o(i.main) refers to stm32f1xx_hal.o(i.HAL_Init) for HAL_Init
    main.o(i.main) refers to main.o(i.SystemClock_Config) for SystemClock_Config
    main.o(i.main) refers to gpio.o(i.MX_GPIO_Init) for MX_GPIO_Init
    main.o(i.main) refers to spi.o(i.MX_SPI3_Init) for MX_SPI3_Init
    main.o(i.main) refers to usart.o(i.MX_USART1_UART_Init) for MX_USART1_UART_Init
    main.o(i.main) refers to lwip.o(i.MX_LWIP_Init) for MX_LWIP_Init
    main.o(i.main) refers to stm32f1xx_hal.o(i.HAL_Delay) for HAL_Delay
    main.o(i.main) refers to stm32f1xx_hal.o(i.HAL_GetTick) for HAL_GetTick
    main.o(i.main) refers to w25qxx.o(i.W25qxx_ReadID) for W25qxx_ReadID
    main.o(i.main) refers to w25qxx.o(i.W25qxx_Init) for W25qxx_Init
    main.o(i.main) refers to w25qxx.o(i.W25qxx_ReadPage) for W25qxx_ReadPage
    main.o(i.main) refers to printf5.o(i.__0printf$5) for __2printf
    main.o(i.main) refers to main.o(i.LFS_Config) for LFS_Config
    main.o(i.main) refers to lfs.o(i.lfs_mount) for lfs_mount
    main.o(i.main) refers to lfs.o(i.lfs_format) for lfs_format
    main.o(i.main) refers to lfs.o(i.lfs_file_open) for lfs_file_open
[...]
    _memset$wrapper                          0x08000283   Thumb Code    18  memseta.o(.text)
    strstr                                   0x08000295   Thumb Code    36  strstr.o(.text)
    strchr                                   0x080002b9   Thumb Code    20  strchr.o(.text)
    strlen                                   0x080002cd   Thumb Code    14  strlen.o(.text)
    strcmp                                   0x080002db   Thumb Code    28  strcmp.o(.text)
    memcmp                                   0x080002f7   Thumb Code    26  memcmp.o(.text)
    strncmp                                  0x08000311   Thumb Code    30  strncmp.o(.text)
    strspn                                   0x0800032f   Thumb Code    28  strspn.o(.text)
    strcspn                                  0x0800034b   Thumb Code    34  strcspn.o(.text)
    __aeabi_llsl                             0x0800036d   Thumb Code    30  llshl.o(.text)
    _ll_shift_l                              0x0800036d   Thumb Code     0  llshl.o(.text)
    __scatterload                            0x0800038d   Thumb Code    28  init.o(.text)
    __scatterload_rt2                        0x0800038d   Thumb Code     0  init.o(.text)
    BusFault_Handler                         0x080003b1   Thumb Code     2  stm32f1xx_it.o(i.BusFault_Handler)
    DebugMon_Handler                         0x080003b3   Thumb Code     2  stm32f1xx_it.o(i.DebugMon_Handler)
    Error_Handler                            0x08000529   Thumb Code     2  main.o(i.Error_Handler)
    HAL_Delay                                0x0800052d   Thumb Code    32  stm32f1xx_hal.o(i.HAL_Delay)
    HAL_ETH_DMARxDescListInit                0x08000551   Thumb Code   116  stm32f1xx_hal_eth.o(i.HAL_ETH_DMARxDescListInit)
    HAL_ETH_DMATxDescListInit                0x080005c5   Thumb Code   120  stm32f1xx_hal_eth.o(i.HAL_ETH_DMATxDescListInit)
    HAL_ETH_GetReceivedFrame                 0x0800063d   Thumb Code   122  stm32f1xx_hal_eth.o(i.HAL_ETH_GetReceivedFrame)
    HAL_ETH_Init                             0x080006b9   Thumb Code   398  stm32f1xx_hal_eth.o(i.HAL_ETH_Init)
    HAL_ETH_MspInit                          0x0800085d   Thumb Code   178  ethernetif.o(i.HAL_ETH_MspInit)
    HAL_ETH_ReadPHYRegister                  0x08000925   Thumb Code   132  stm32f1xx_hal_eth.o(i.HAL_ETH_ReadPHYRegister)
    HAL_ETH_Start                            0x080009a9   Thumb Code   132  stm32f1xx_hal_eth.o(i.HAL_ETH_Start)
    HAL_ETH_TransmitFrame                    0x08000a2d   Thumb Code   264  stm32f1xx_hal_eth.o(i.HAL_ETH_TransmitFrame)
    HAL_ETH_WritePHYRegister                 0x08000b35   Thumb Code   120  stm32f1xx_hal_eth.o(i.HAL_ETH_WritePHYRegister)
    HAL_GPIO_Init                            0x08000bad   Thumb Code   408  stm32f1xx_hal_gpio.o(i.HAL_GPIO_Init)
    HAL_GPIO_WritePin                        0x08000d69   Thumb Code    10  stm32f1xx_hal_gpio.o(i.HAL_GPIO_WritePin)
    HAL_GetTick                              0x08000d75   Thumb Code     6  stm32f1xx_hal.o(i.HAL_GetTick)
    HAL_IncTick                              0x08000d81   Thumb Code    12  stm32f1xx_hal.o(i.HAL_IncTick)
    HAL_Init                                 0x08000d91   Thumb Code    32  stm32f1xx_hal.o(i.HAL_Init)
    HAL_InitTick                             0x08000db5   Thumb Code    54  stm32f1xx_hal.o(i.HAL_InitTick)
    HAL_MspInit                              0x08000df5   Thumb Code    52  stm32f1xx_hal_msp.o(i.HAL_MspInit)
    HAL_NVIC_SetPriority                     0x08000e31   Thumb Code    60  stm32f1xx_hal_cortex.o(i.HAL_NVIC_SetPriority)
    HAL_NVIC_SetPriorityGrouping             0x08000e71   Thumb Code    26  stm32f1xx_hal_cortex.o(i.HAL_NVIC_SetPriorityGrouping)
    HAL_RCC_ClockConfig                      0x08000e95   Thumb Code   346  stm32f1xx_hal_rcc.o(i.HAL_RCC_ClockConfig)
    HAL_RCC_GetHCLKFreq                      0x08001001   Thumb Code     6  stm32f1xx_hal_rcc.o(i.HAL_RCC_GetHCLKFreq)
    HAL_RCC_GetPCLK1Freq                     0x0800100d   Thumb Code    20  stm32f1xx_hal_rcc.o(i.HAL_RCC_GetPCLK1Freq)
    HAL_RCC_GetPCLK2Freq                     0x0800102d   Thumb Code    20  stm32f1xx_hal_rcc.o(i.HAL_RCC_GetPCLK2Freq)
    HAL_RCC_GetSysClockFreq                  0x0800104d   Thumb Code   148  stm32f1xx_hal_rcc.o(i.HAL_RCC_GetSysClockFreq)
    HAL_RCC_MCOConfig                        0x08001111   Thumb Code    64  stm32f1xx_hal_rcc.o(i.HAL_RCC_MCOConfig)
    HAL_RCC_OscConfig                        0x08001159   Thumb Code   946  stm32f1xx_hal_rcc.o(i.HAL_RCC_OscConfig)
    HAL_SPI_Init                             0x08001521   Thumb Code   130  stm32f1xx_hal_spi_ex.o(i.HAL_SPI_Init)
    HAL_SPI_MspInit                          0x080015a5   Thumb Code   110  spi.o(i.HAL_SPI_MspInit)
    HAL_SPI_Receive                          0x08001625   Thumb Code   336  stm32f1xx_hal_spi.o(i.HAL_SPI_Receive)
    HAL_SPI_Transmit                         0x08001775   Thumb Code   360  stm32f1xx_hal_spi.o(i.HAL_SPI_Transmit)
    HAL_SPI_TransmitReceive                  0x080018dd   Thumb Code   472  stm32f1xx_hal_spi.o(i.HAL_SPI_TransmitReceive)
    HAL_SYSTICK_Config                       0x08001ab5   Thumb Code    40  stm32f1xx_hal_cortex.o(i.HAL_SYSTICK_Config)
    HAL_UART_Init                            0x08001add   Thumb Code    98  stm32f1xx_hal_uart.o(i.HAL_UART_Init)
    HAL_UART_MspInit                         0x08001b41   Thumb Code   100  usart.o(i.HAL_UART_MspInit)
    HAL_UART_Transmit                        0x08001bb1   Thumb Code   186  stm32f1xx_hal_uart.o(i.HAL_UART_Transmit)
    HardFault_Handler                        0x08001c6b   Thumb Code     2  stm32f1xx_it.o(i.HardFault_Handler)
    LFS_Config                               0x08001c6d   Thumb Code    60  main.o(i.LFS_Config)
    MX_GPIO_Init                             0x08001cc1   Thumb Code   170  gpio.o(i.MX_GPIO_Init)
    MX_LWIP_Init                             0x08001d79   Thumb Code    82  lwip.o(i.MX_LWIP_Init)
    MX_LWIP_Process                          0x08001ddd   Thumb Code    16  lwip.o(i.MX_LWIP_Process)
    MX_SPI3_Init                             0x08001df1   Thumb Code    60  spi.o(i.MX_SPI3_Init)
    MX_USART1_UART_Init                      0x08001e35   Thumb Code    48  usart.o(i.MX_USART1_UART_Init)
    MemManage_Handler                        0x08001e6d   Thumb Code     2  stm32f1xx_it.o(i.MemManage_Handler)
    NMI_Handler                              0x08001e6f   Thumb Code     2  stm32f1xx_it.o(i.NMI_Handler)
    PendSV_Handler                           0x08001e91   Thumb Code     2  stm32f1xx_it.o(i.PendSV_Handler)
    SVC_Handler                              0x08001f49   Thumb Code     2  stm32f1xx_it.o(i.SVC_Handler)
    SysTick_Handler                          0x08001f4b   Thumb Code     4  stm32f1xx_it.o(i.SysTick_Handler)
    SystemClock_Config                       0x08001f51   Thumb Code   110  main.o(i.SystemClock_Config)
    SystemInit                               0x08001fc5   Thumb Code    68  system_stm32f1xx.o(i.SystemInit)
    TFTP_Config                              0x08002019   Thumb Code    20  main.o(i.TFTP_Config)
    UsageFault_Handler                       0x08002215   Thumb Code     2  stm32f1xx_it.o(i.UsageFault_Handler)
    W25qxx_EraseSector                       0x08002219   Thumb Code   116  w25qxx.o(i.W25qxx_EraseSector)
    W25qxx_Init                              0x08002295   Thumb Code   254  w25qxx.o(i.W25qxx_Init)
    W25qxx_ReadBytes                         0x08002399   Thumb Code   110  w25qxx.o(i.W25qxx_ReadBytes)
    W25qxx_ReadID                            0x08002415   Thumb Code    68  w25qxx.o(i.W25qxx_ReadID)
    W25qxx_ReadPage                          0x0800245d   Thumb Code   154  w25qxx.o(i.W25qxx_ReadPage)
    W25qxx_Spi                               0x08002505   Thumb Code    26  w25qxx.o(i.W25qxx_Spi)
    W25qxx_WaitForWriteEnd                   0x08002525   Thumb Code    66  w25qxx.o(i.W25qxx_WaitForWriteEnd)
    W25qxx_WriteEnable                       0x08002571   Thumb Code    40  w25qxx.o(i.W25qxx_WriteEnable)
    W25qxx_WriteNoCheck                      0x0800259d   Thumb Code    74  w25qxx.o(i.W25qxx_WriteNoCheck)
    W25qxx_WritePage                         0x080025ed   Thumb Code   140  w25qxx.o(i.W25qxx_WritePage)
    __0printf$5                              0x08002685   Thumb Code    22  printf5.o(i.__0printf$5)
    __1printf$5                              0x08002685   Thumb Code     0  printf5.o(i.__0printf$5)
    __2printf                                0x08002685   Thumb Code     0  printf5.o(i.__0printf$5)
    __scatterload_copy                       0x080026a5   Thumb Code    14  handlers.o(i.__scatterload_copy)
    __scatterload_null                       0x080026b3   Thumb Code     2  handlers.o(i.__scatterload_null)
    __scatterload_zeroinit                   0x080026b5   Thumb Code    14  handlers.o(i.__scatterload_zeroinit)
    block_device_erase                       0x08002985   Thumb Code    14  main.o(i.block_device_erase)
    block_device_prog                        0x08002993   Thumb Code    22  main.o(i.block_device_prog)
    block_device_read                        0x080029a9   Thumb Code    22  main.o(i.block_device_read)
    block_device_sync                        0x080029bf   Thumb Code     4  main.o(i.block_device_sync)
    dhcp_arp_reply                           0x080029f9   Thumb Code    30  dhcp.o(i.dhcp_arp_reply)
    dhcp_coarse_tmr                          0x08002b25   Thumb Code   168  dhcp.o(i.dhcp_coarse_tmr)
    dhcp_fine_tmr                            0x08002e45   Thumb Code    46  dhcp.o(i.dhcp_fine_tmr)
    dhcp_release_and_stop                    0x080034a1   Thumb Code   180  dhcp.o(i.dhcp_release_and_stop)
    dhcp_renew                               0x0800355d   Thumb Code   208  dhcp.o(i.dhcp_renew)
    dhcp_start                               0x08003789   Thumb Code   116  dhcp.o(i.dhcp_start)
    dhcp_supplied_address                    0x080037fd   Thumb Code    28  dhcp.o(i.dhcp_supplied_address)
    etharp_cleanup_netif                     0x080038a1   Thumb Code    40  etharp.o(i.etharp_cleanup_netif)
    etharp_input                             0x080039e1   Thumb Code   148  etharp.o(i.etharp_input)
    etharp_output                            0x08003a75   Thumb Code   232  etharp.o(i.etharp_output)
    etharp_query                             0x08003bc9   Thumb Code   220  etharp.o(i.etharp_query)
    etharp_request                           0x08003d39   Thumb Code     6  etharp.o(i.etharp_request)
    etharp_tmr                               0x08003d65   Thumb Code    90  etharp.o(i.etharp_tmr)
    ethernet_input                           0x08003e49   Thumb Code   160  ethernet.o(i.ethernet_input)
    ethernet_output                          0x08003eed   Thumb Code    74  ethernet.o(i.ethernet_output)
    ethernetif_init                          0x08003f39   Thumb Code    30  ethernetif.o(i.ethernetif_init)
    ethernetif_input                         0x08003f61   Thumb Code    34  ethernetif.o(i.ethernetif_input)
    fputc                                    0x08003fe9   Thumb Code    20  usart.o(i.fputc)
    free                                     0x08004001   Thumb Code    76  malloc.o(i.free)
    fs_bytes_left                            0x08004051   Thumb Code     8  fs.o(i.fs_bytes_left)
    fs_close                                 0x08004059   Thumb Code    12  fs.o(i.fs_close)
    fs_close_custom                          0x08004065   Thumb Code    30  fs_custom.o(i.fs_close_custom)
    fs_open                                  0x08004089   Thumb Code    82  fs.o(i.fs_open)
    fs_open_custom                           0x080040e1   Thumb Code    74  fs_custom.o(i.fs_open_custom)
    fs_read                                  0x08004135   Thumb Code    66  fs.o(i.fs_read)
    fs_read_custom                           0x08004179   Thumb Code    66  fs_custom.o(i.fs_read_custom)
    httpd_init                               0x08004f91   Thumb Code    52  httpd.o(i.httpd_init)
    icmp_dest_unreach                        0x08004fcd   Thumb Code     8  icmp.o(i.icmp_dest_unreach)
    icmp_input                               0x08004fd5   Thumb Code   246  icmp.o(i.icmp_input)
    icmp_time_exceeded                       0x0800513f   Thumb Code     8  icmp.o(i.icmp_time_exceeded)
    ip4_addr_isbroadcast_u32                 0x08005147   Thumb Code    46  ip4_addr.o(i.ip4_addr_isbroadcast_u32)
    ip4_frag                                 0x08005175   Thumb Code   364  ip4_frag.o(i.ip4_frag)
    ip4_input                                0x080052e5   Thumb Code   394  ip4.o(i.ip4_input)
    ip4_output_if                            0x080054a5   Thumb Code    30  ip4.o(i.ip4_output_if)
    ip4_output_if_src                        0x080054c5   Thumb Code   168  ip4.o(i.ip4_output_if_src)
    ip4_reass                                0x08005575   Thumb Code   438  ip4_frag.o(i.ip4_reass)
    ip4_route                                0x08005731   Thumb Code    86  ip4.o(i.ip4_route)
    ip_reass_tmr                             0x0800599d   Thumb Code    40  ip4_frag.o(i.ip_reass_tmr)
    lfs_crc                                  0x08005e39   Thumb Code    56  lfs_util.o(i.lfs_crc)
    lfs_deorphan                             0x080061b5   Thumb Code   326  lfs.o(i.lfs_deorphan)
    lfs_file_close                           0x08006c7f   Thumb Code    64  lfs.o(i.lfs_file_close)
    lfs_file_open                            0x08006d89   Thumb Code    12  lfs.o(i.lfs_file_open)
    lfs_file_opencfg                         0x08006d95   Thumb Code   314  lfs.o(i.lfs_file_opencfg)
    lfs_file_read                            0x08006ecf   Thumb Code   196  lfs.o(i.lfs_file_read)
    lfs_file_rewind                          0x08007059   Thumb Code    18  lfs.o(i.lfs_file_rewind)
    lfs_file_seek                            0x0800706b   Thumb Code    54  lfs.o(i.lfs_file_seek)
    lfs_file_sync                            0x080070a1   Thumb Code   144  lfs.o(i.lfs_file_sync)
    lfs_file_write                           0x08007131   Thumb Code   356  lfs.o(i.lfs_file_write)
    lfs_format                               0x08007295   Thumb Code   310  lfs.o(i.lfs_format)
    lfs_mount                                0x08007491   Thumb Code   204  lfs.o(i.lfs_mount)
    lfs_stat                                 0x0800781d   Thumb Code   108  lfs.o(i.lfs_stat)
    lfs_traverse                             0x08007891   Thumb Code   264  lfs.o(i.lfs_traverse)
    lwip_htonl                               0x08007c49   Thumb Code     4  def.o(i.lwip_htonl)
    lwip_htons                               0x08007c4d   Thumb Code     4  def.o(i.lwip_htons)
    lwip_init                                0x08007c51   Thumb Code    30  init.o(i.lwip_init)
    lwip_itoa                                0x08007c6f   Thumb Code   100  def.o(i.lwip_itoa)
    lwip_stricmp                             0x08007cd5   Thumb Code    48  def.o(i.lwip_stricmp)
    lwip_strnstr                             0x08007d05   Thumb Code    64  def.o(i.lwip_strnstr)
    main                                     0x08007d45   Thumb Code   302  main.o(i.main)
    malloc                                   0x08007fcd   Thumb Code    92  malloc.o(i.malloc)
    mem_free                                 0x08008039   Thumb Code   120  mem.o(i.mem_free)
    mem_init                                 0x080080b5   Thumb Code    46  mem.o(i.mem_init)
    mem_malloc                               0x080080ed   Thumb Code   188  mem.o(i.mem_malloc)
    mem_trim                                 0x080081bd   Thumb Code   198  mem.o(i.mem_trim)
    memp_free                                0x08008289   Thumb Code    20  memp.o(i.memp_free)
    memp_init                                0x080082a1   Thumb Code    26  memp.o(i.memp_init)
    memp_init_pool                           0x080082c1   Thumb Code    42  memp.o(i.memp_init_pool)
    memp_malloc                              0x080082ed   Thumb Code    18  memp.o(i.memp_malloc)
    netif_add                                0x08008305   Thumb Code   156  netif.o(i.netif_add)
    netif_get_by_index                       0x08008425   Thumb Code    34  netif.o(i.netif_get_by_index)
    netif_init                               0x0800844d   Thumb Code     2  netif.o(i.netif_init)
    netif_set_addr                           0x08008479   Thumb Code    90  netif.o(i.netif_set_addr)
    netif_set_default                        0x080084d9   Thumb Code     6  netif.o(i.netif_set_default)
    netif_set_down                           0x080084e5   Thumb Code    30  netif.o(i.netif_set_down)
    netif_set_up                             0x08008503   Thumb Code    28  netif.o(i.netif_set_up)
    pbuf_add_header                          0x0800851f   Thumb Code     6  pbuf.o(i.pbuf_add_header)
    pbuf_alloc                               0x0800856d   Thumb Code   224  pbuf.o(i.pbuf_alloc)
    pbuf_alloc_reference                     0x08008651   Thumb Code    46  pbuf.o(i.pbuf_alloc_reference)
    pbuf_alloced_custom                      0x0800867f   Thumb Code    54  pbuf.o(i.pbuf_alloced_custom)
    pbuf_cat                                 0x080086b5   Thumb Code    40  pbuf.o(i.pbuf_cat)
    pbuf_chain                               0x080086dd   Thumb Code    18  pbuf.o(i.pbuf_chain)
    pbuf_clen                                0x080086ef   Thumb Code    18  pbuf.o(i.pbuf_clen)
    pbuf_clone                               0x08008701   Thumb Code    30  pbuf.o(i.pbuf_clone)
    pbuf_copy                                0x0800871f   Thumb Code   142  pbuf.o(i.pbuf_copy)
    pbuf_copy_partial                        0x080087ad   Thumb Code   102  pbuf.o(i.pbuf_copy_partial)
    pbuf_free                                0x08008813   Thumb Code    84  pbuf.o(i.pbuf_free)
    pbuf_free_ooseq                          0x08008869   Thumb Code    28  pbuf.o(i.pbuf_free_ooseq)
    pbuf_get_at                              0x0800888d   Thumb Code    18  pbuf.o(i.pbuf_get_at)
    pbuf_header_force                        0x0800889f   Thumb Code     6  pbuf.o(i.pbuf_header_force)
    pbuf_memcmp                              0x080088cf   Thumb Code    92  pbuf.o(i.pbuf_memcmp)
    pbuf_memfind                             0x0800892b   Thumb Code    60  pbuf.o(i.pbuf_memfind)
    pbuf_realloc                             0x08008967   Thumb Code    88  pbuf.o(i.pbuf_realloc)
    pbuf_ref                                 0x080089bf   Thumb Code    12  pbuf.o(i.pbuf_ref)
    pbuf_remove_header                       0x080089cb   Thumb Code    46  pbuf.o(i.pbuf_remove_header)
    pbuf_try_get_at                          0x08008a11   Thumb Code    32  pbuf.o(i.pbuf_try_get_at)
    sys_check_timeouts                       0x08008f0d   Thumb Code    74  timeouts.o(i.sys_check_timeouts)
    sys_now                                  0x08008f61   Thumb Code     4  ethernetif.o(i.sys_now)
    sys_timeout                              0x08008f65   Thumb Code    26  timeouts.o(i.sys_timeout)
    sys_timeouts_init                        0x08008fd1   Thumb Code    30  timeouts.o(i.sys_timeouts_init)
    sys_untimeout                            0x08008ff9   Thumb Code    56  timeouts.o(i.sys_untimeout)
    tcp_abandon                              0x08009035   Thumb Code   206  tcp.o(i.tcp_abandon)
    tcp_abort                                0x08009109   Thumb Code     6  tcp.o(i.tcp_abort)
    tcp_accept                               0x0800910f   Thumb Code    14  tcp.o(i.tcp_accept)
    tcp_alloc                                0x0800912d   Thumb Code   280  tcp.o(i.tcp_alloc)
    tcp_arg                                  0x08009251   Thumb Code     8  tcp.o(i.tcp_arg)
    tcp_bind                                 0x08009259   Thumb Code   136  tcp.o(i.tcp_bind)
    tcp_close                                0x080092ed   Thumb Code    28  tcp.o(i.tcp_close)
    tcp_eff_send_mss_netif                   0x080094f9   Thumb Code    30  tcp.o(i.tcp_eff_send_mss_netif)
    tcp_enqueue_flags                        0x08009517   Thumb Code   136  tcp_out.o(i.tcp_enqueue_flags)
    tcp_err                                  0x0800959f   Thumb Code    10  tcp.o(i.tcp_err)
    tcp_fasttmr                              0x080095a9   Thumb Code   102  tcp.o(i.tcp_fasttmr)
    tcp_free                                 0x08009615   Thumb Code     8  tcp.o(i.tcp_free)
    tcp_free_ooseq                           0x0800967d   Thumb Code    20  tcp.o(i.tcp_free_ooseq)
    tcp_init                                 0x080096b9   Thumb Code    20  tcp.o(i.tcp_init)
    tcp_input                                0x080096d1   Thumb Code   922  tcp_in.o(i.tcp_input)
    tcp_keepalive                            0x08009ac5   Thumb Code    50  tcp_out.o(i.tcp_keepalive)
    tcp_listen_with_backlog                  0x08009c3d   Thumb Code     6  tcp.o(i.tcp_listen_with_backlog)
    tcp_listen_with_backlog_and_err          0x08009c45   Thumb Code   152  tcp.o(i.tcp_listen_with_backlog_and_err)
    tcp_netif_ip_addr_changed                0x08009ce5   Thumb Code    70  tcp.o(i.tcp_netif_ip_addr_changed)
    tcp_new_ip_type                          0x08009d53   Thumb Code     6  tcp.o(i.tcp_new_ip_type)
    tcp_next_iss                             0x08009db9   Thumb Code    12  tcp.o(i.tcp_next_iss)
    tcp_output                               0x08009e41   Thumb Code   504  tcp_out.o(i.tcp_output)
    tcp_pcb_purge                            0x0800a291   Thumb Code    70  tcp.o(i.tcp_pcb_purge)
    tcp_pcb_remove                           0x0800a2d7   Thumb Code    80  tcp.o(i.tcp_pcb_remove)
    tcp_poll                                 0x0800a327   Thumb Code    12  tcp.o(i.tcp_poll)
    tcp_process_refused_data                 0x0800a6ad   Thumb Code   116  tcp.o(i.tcp_process_refused_data)
    tcp_recv                                 0x0800ad8d   Thumb Code    10  tcp.o(i.tcp_recv)
    tcp_recv_null                            0x0800ad97   Thumb Code    44  tcp.o(i.tcp_recv_null)
    tcp_recved                               0x0800adc3   Thumb Code    62  tcp.o(i.tcp_recved)
    tcp_rexmit                               0x0800ae01   Thumb Code   102  tcp_out.o(i.tcp_rexmit)
    tcp_rexmit_fast                          0x0800ae67   Thumb Code    92  tcp_out.o(i.tcp_rexmit_fast)
    tcp_rexmit_rto                           0x0800aec3   Thumb Code    24  tcp_out.o(i.tcp_rexmit_rto)
    tcp_rexmit_rto_commit                    0x0800aedb   Thumb Code    18  tcp_out.o(i.tcp_rexmit_rto_commit)
    tcp_rexmit_rto_prepare                   0x0800aeed   Thumb Code   102  tcp_out.o(i.tcp_rexmit_rto_prepare)
    tcp_rst                                  0x0800af63   Thumb Code    74  tcp_out.o(i.tcp_rst)
    tcp_seg_copy                             0x0800afad   Thumb Code    40  tcp.o(i.tcp_seg_copy)
    tcp_seg_free                             0x0800afd5   Thumb Code    28  tcp.o(i.tcp_seg_free)
    tcp_segs_free                            0x0800aff1   Thumb Code    18  tcp.o(i.tcp_segs_free)
    tcp_send_empty_ack                       0x0800b003   Thumb Code    70  tcp_out.o(i.tcp_send_empty_ack)
    tcp_send_fin                             0x0800b049   Thumb Code    68  tcp_out.o(i.tcp_send_fin)
    tcp_sent                                 0x0800b08d   Thumb Code    10  tcp.o(i.tcp_sent)
    tcp_setprio                              0x0800b097   Thumb Code     8  tcp.o(i.tcp_setprio)
    tcp_slowtmr                              0x0800b0a1   Thumb Code   696  tcp.o(i.tcp_slowtmr)
    tcp_split_unsent_seg                     0x0800b369   Thumb Code   280  tcp_out.o(i.tcp_split_unsent_seg)
    tcp_timer_needed                         0x0800b481   Thumb Code    36  timeouts.o(i.tcp_timer_needed)
    tcp_tmr                                  0x0800b51d   Thumb Code    28  tcp.o(i.tcp_tmr)
    tcp_trigger_input_pcb_close              0x0800b53d   Thumb Code    12  tcp_in.o(i.tcp_trigger_input_pcb_close)
    tcp_update_rcv_ann_wnd                   0x0800b54d   Thumb Code    52  tcp.o(i.tcp_update_rcv_ann_wnd)
    tcp_write                                0x0800b581   Thumb Code   852  tcp_out.o(i.tcp_write)
    tcp_zero_window_probe                    0x0800b8d5   Thumb Code   160  tcp_out.o(i.tcp_zero_window_probe)
    tftp_close                               0x0800b9ad   Thumb Code    22  main.o(i.tftp_close)
    tftp_init                                0x0800b9c9   Thumb Code    72  tftp_server.o(i.tftp_init)
    tftp_open                                0x0800ba1d   Thumb Code    70  main.o(i.tftp_open)
    tftp_read                                0x0800baa5   Thumb Code    34  main.o(i.tftp_read)
    tftp_write                               0x0800bb1d   Thumb Code    12  main.o(i.tftp_write)
    udp_bind                                 0x0800bb2d   Thumb Code   174  udp.o(i.udp_bind)
    udp_connect                              0x0800bbe5   Thumb Code    76  udp.o(i.udp_connect)
    udp_init                                 0x0800bc35   Thumb Code    20  udp.o(i.udp_init)
    udp_input                                0x0800bc4d   Thumb Code   336  udp.o(i.udp_input)
    udp_netif_ip_addr_changed                0x0800bda5   Thumb Code    48  udp.o(i.udp_netif_ip_addr_changed)
    udp_new                                  0x0800bdd9   Thumb Code    26  udp.o(i.udp_new)
    udp_new_ip_type                          0x0800bdf3   Thumb Code     4  udp.o(i.udp_new_ip_type)
    udp_recv                                 0x0800bdf7   Thumb Code    10  udp.o(i.udp_recv)
    udp_remove                               0x0800be01   Thumb Code    48  udp.o(i.udp_remove)
    udp_sendto                               0x0800be35   Thumb Code    64  udp.o(i.udp_sendto)
    udp_sendto_if                            0x0800be75   Thumb Code    60  udp.o(i.udp_sendto_if)
    udp_sendto_if_src                        0x0800beb1   Thumb Code   194  udp.o(i.udp_sendto_if_src)
    AHBPrescTable                            0x0800bf72   Data          16  system_stm32f1xx.o(.constdata)
    APBPrescTable                            0x0800bf82   Data           8  system_stm32f1xx.o(.constdata)
    ethbroadcast                             0x0800c120   Data           6  ethernet.o(.constdata)
    ethzero                                  0x0800c126   Data           6  ethernet.o(.constdata)
    http_ssi_tag_desc                        0x0800c240   Data          16  httpd.o(.constdata)
    file__img_sics_gif                       0x0800cfe8   Data          20  fs.o(.constdata)
    file__404_html                           0x0800cffc   Data          20  fs.o(.constdata)
    file__index_html                         0x0800d010   Data          20  fs.o(.constdata)
    memp_UDP_PCB                             0x0800d024   Data          12  memp.o(.constdata)
    memp_TCP_PCB                             0x0800d030   Data          12  memp.o(.constdata)
    memp_TCP_PCB_LISTEN                      0x0800d03c   Data          12  memp.o(.constdata)
    memp_TCP_SEG                             0x0800d048   Data          12  memp.o(.constdata)
    memp_REASSDATA                           0x0800d054   Data          12  memp.o(.constdata)
    memp_FRAG_PBUF                           0x0800d060   Data          12  memp.o(.constdata)
    memp_SYS_TIMEOUT                         0x0800d06c   Data          12  memp.o(.constdata)
    memp_PBUF                                0x0800d078   Data          12  memp.o(.constdata)
    memp_PBUF_POOL                           0x0800d084   Data          12  memp.o(.constdata)
    memp_pools                               0x0800d090   Data          36  memp.o(.constdata)
    tcp_pcb_lists                            0x0800d0f8   Data          16  tcp.o(.constdata)
    lwip_cyclic_timers                       0x0800d108   Data          40  timeouts.o(.constdata)
    ip_addr_any                              0x0800d130   Data           4  ip4_addr.o(.constdata)
    ip_addr_broadcast                        0x0800d134   Data           4  ip4_addr.o(.constdata)
    Region$$Table$$Base                      0x0800d66c   Number         0  anon$$obj.o(Region$$Table)
    Region$$Table$$Limit                     0x0800d68c   Number         0  anon$$obj.o(Region$$Table)
    ipaddr                                   0x20000000   Data           4  lwip.o(.data)
    netmask                                  0x20000004   Data           4  lwip.o(.data)
    gw                                       0x20000008   Data           4  lwip.o(.data)
    uwTickFreq                               0x2000000c   Data           1  stm32f1xx_hal.o(.data)
    uwTickPrio                               0x20000010   Data           4  stm32f1xx_hal.o(.data)
    uwTick                                   0x20000014   Data           4  stm32f1xx_hal.o(.data)
    SystemCoreClock                          0x20000018   Data           4  system_stm32f1xx.o(.data)
    netif_list                               0x20000068   Data           4  netif.o(.data)
    netif_default                            0x2000006c   Data           4  netif.o(.data)
    pbuf_free_ooseq_pending                  0x20000070   Data           1  pbuf.o(.data)
    tcp_active_pcbs_changed                  0x20000074   Data           1  tcp.o(.data)
    tcp_ticks                                0x20000080   Data           4  tcp.o(.data)
    tcp_bound_pcbs                           0x20000084   Data           4  tcp.o(.data)
    tcp_listen_pcbs                          0x20000088   Data           4  tcp.o(.data)
    tcp_active_pcbs                          0x2000008c   Data           4  tcp.o(.data)
    tcp_tw_pcbs                              0x20000090   Data           4  tcp.o(.data)
    tcp_input_pcb                            0x200000b4   Data           4  tcp_in.o(.data)
    udp_pcbs                                 0x200000c8   Data           4  udp.o(.data)
    dhcp_rx_options_given                    0x200000d8   Data           8  dhcp.o(.data)
    __stdout                                 0x200000f0   Data           4  stdout.o(.data)
    __microlib_freelist                      0x200000f4   Data           4  mvars.o(.data)
    __microlib_freelist_initialised          0x200000f8   Data           4  mvars.o(.data)
    lfs_read_buf                             0x200000fc   Data        2048  main.o(.bss)
    lfs_prog_buf                             0x200008fc   Data        2048  main.o(.bss)
    lfs_lookahead_buf                        0x200010fc   Data        2048  main.o(.bss)
    lfs_file_buf                             0x200018fc   Data        2048  main.o(.bss)
    lfs                                      0x200020fc   Data          68  main.o(.bss)
    file                                     0x20002140   Data          56  main.o(.bss)
    cfg                                      0x20002178   Data          56  main.o(.bss)
    tftpctx                                  0x200021b0   Data          16  main.o(.bss)
    info                                     0x200021c0   Data         264  main.o(.bss)
    gnetif                                   0x200022c8   Data          52  lwip.o(.bss)
    DMARxDscrTab                             0x200022fc   Data         128  ethernetif.o(.bss)
    DMATxDscrTab                             0x2000237c   Data          64  ethernetif.o(.bss)
    Rx_Buff                                  0x200023bc   Data       12192  ethernetif.o(.bss)
    Tx_Buff                                  0x2000535c   Data        6096  ethernetif.o(.bss)
    heth                                     0x20006b2c   Data          72  ethernetif.o(.bss)
    hspi3                                    0x20006b74   Data          88  spi.o(.bss)
    huart1                                   0x20006bcc   Data          64  usart.o(.bss)
    w25qxx                                   0x20006c0c   Data          40  w25qxx.o(.bss)
    ip_data                                  0x20007074   Data          24  ip.o(.bss)
    ram_heap                                 0x2000708c   Data        2067  mem.o(.bss)
    memp_memory_UDP_PCB_base                 0x2000789f   Data         131  memp.o(.bss)
    memp_memory_TCP_PCB_base                 0x20007922   Data         783  memp.o(.bss)
    memp_memory_TCP_PCB_LISTEN_base          0x20007c31   Data         227  memp.o(.bss)
    memp_memory_TCP_SEG_base                 0x20007d14   Data         387  memp.o(.bss)
    memp_memory_REASSDATA_base               0x20007e97   Data         163  memp.o(.bss)
    memp_memory_FRAG_PBUF_base               0x20007f3a   Data         363  memp.o(.bss)
    memp_memory_SYS_TIMEOUT_base             0x200080a5   Data          83  memp.o(.bss)
    memp_memory_PBUF_base                    0x200080f8   Data         259  memp.o(.bss)
    memp_memory_PBUF_POOL_base               0x200081fb   Data       24515  memp.o(.bss)
    dhcp_rx_options_val                      0x2000e1d0   Data          32  dhcp.o(.bss)
    __heap_base                              0x2000e308   Data           0  startup_stm32f107xc.o(HEAP)
    __heap_limit                             0x2000e508   Data           0  startup_stm32f107xc.o(HEAP)
    __initial_sp                             0x2000e908   Data           0  startup_stm32f107xc.o(STACK)



==============================================================================

Memory Map of the image

  Image Entry point : 0x08000151

  Load Region LR_IROM1 (Base: 0x08000000, Size: 0x0000d788, Max: 0x00040000, ABSOLUTE)

    Execution Region ER_IROM1 (Exec base: 0x08000000, Load base: 0x08000000, Size: 0x0000d68c, Max: 0x00040000, ABSOLUTE)

    Exec Addr    Load Addr    Size         Type   Attr      Idx    E Section Name        Object

    0x08000000   0x08000000   0x00000150   Data   RO            3    RESET               startup_stm32f107xc.o
    0x08000150   0x08000150   0x00000000   Code   RO         1112  * .ARM.Collect$$$$00000000  mc_w.l(entry.o)
    0x08000150   0x08000150   0x00000004   Code   RO         1295    .ARM.Collect$$$$00000001  mc_w.l(entry2.o)
    0x08000154   0x08000154   0x00000004   Code   RO         1298    .ARM.Collect$$$$00000004  mc_w.l(entry5.o)
    0x08000158   0x08000158   0x00000000   Code   RO         1300    .ARM.Collect$$$$00000008  mc_w.l(entry7b.o)
    0x08000158   0x08000158   0x00000000   Code   RO         1302    .ARM.Collect$$$$0000000A  mc_w.l(entry8b.o)
    0x08000158   0x08000158   0x00000008   Code   RO         1303    .ARM.Collect$$$$0000000B  mc_w.l(entry9a.o)
    0x08000160   0x08000160   0x00000000   Code   RO         1305    .ARM.Collect$$$$0000000D  mc_w.l(entry10a.o)
    0x08000160   0x08000160   0x00000000   Code   RO         1307    .ARM.Collect$$$$0000000F  mc_w.l(entry11a.o)
    0x08000160   0x08000160   0x00000004   Code   RO         1296    .ARM.Collect$$$$00002712  mc_w.l(entry2.o)
    0x08000164   0x08000164   0x00000024   Code   RO            4    .text               startup_stm32f107xc.o
    0x08000188   0x08000188   0x00000062   Code   RO         1115    .text               mc_w.l(uldiv.o)
    0x080001ea   0x080001ea   0x00000020   Code   RO         1116    .text               mc_w.l(llushr.o)
    0x0800020a   0x0800020a   0x00000002   PAD
    0x0800020c   0x0800020c   0x00000024   Code   RO         1132    .text               mc_w.l(rand.o)
    0x08000230   0x08000230   0x00000040   Code   RO         1136    .text               mc_w.l(memmovea.o)
    0x08000270   0x08000270   0x00000024   Code   RO         1137    .text               mc_w.l(memseta.o)
    0x08000294   0x08000294   0x00000024   Code   RO         1138    .text               mc_w.l(strstr.o)
    0x080002b8   0x080002b8   0x00000014   Code   RO         1139    .text               mc_w.l(strchr.o)
    0x080002cc   0x080002cc   0x0000000e   Code   RO         1140    .text               mc_w.l(strlen.o)
    0x080002da   0x080002da   0x0000001c   Code   RO         1141    .text               mc_w.l(strcmp.o)
    0x080002f6   0x080002f6   0x0000001a   Code   RO         1142    .text               mc_w.l(memcmp.o)
    0x08000310   0x08000310   0x0000001e   Code   RO         1144    .text               mc_w.l(strncmp.o)
    0x0800032e   0x0800032e   0x0000001c   Code   RO         1145    .text               mc_w.l(strspn.o)
    0x0800034a   0x0800034a   0x00000022   Code   RO         1146    .text               mc_w.l(strcspn.o)
    0x0800036c   0x0800036c   0x0000001e   Code   RO         1311    .text               mc_w.l(llshl.o)
    0x0800038a   0x0800038a   0x00000002   PAD
    0x0800038c   0x0800038c   0x00000024   Code   RO         1325    .text               mc_w.l(init.o)
    0x080003b0   0x080003b0   0x00000002   Code   RO           77    i.BusFault_Handler  stm32f1xx_it.o
    0x080003b2   0x080003b2   0x00000002   Code   RO           78    i.DebugMon_Handler  stm32f1xx_it.o
    0x080003b4   0x080003b4   0x00000020   Code   RO           99    i.ETH_Delay         stm32f1xx_hal_eth.o
    0x080003d4   0x080003d4   0x0000002e   Code   RO          100    i.ETH_FlushTransmitFIFO  stm32f1xx_hal_eth.o
    0x08000402   0x08000402   0x00000002   PAD
    0x08000404   0x08000404   0x00000124   Code   RO          101    i.ETH_MACDMAConfig  stm32f1xx_hal_eth.o
    0x08000528   0x08000528   0x00000002   Code   RO           14    i.Error_Handler     main.o
    0x0800052a   0x0800052a   0x00000002   PAD
    0x0800052c   0x0800052c   0x00000024   Code   RO          257    i.HAL_Delay         stm32f1xx_hal.o
    0x08000550   0x08000550   0x00000074   Code   RO          104    i.HAL_ETH_DMARxDescListInit  stm32f1xx_hal_eth.o
    0x080005c4   0x080005c4   0x00000078   Code   RO          105    i.HAL_ETH_DMATxDescListInit  stm32f1xx_hal_eth.o
    0x0800063c   0x0800063c   0x0000007a   Code   RO          108    i.HAL_ETH_GetReceivedFrame  stm32f1xx_hal_eth.o
    0x080006b6   0x080006b6   0x00000002   PAD
    0x080006b8   0x080006b8   0x000001a4   Code   RO          112    i.HAL_ETH_Init      stm32f1xx_hal_eth.o
    0x0800085c   0x0800085c   0x000000c8   Code   RO           50    i.HAL_ETH_MspInit   ethernetif.o
    0x08000924   0x08000924   0x00000084   Code   RO          115    i.HAL_ETH_ReadPHYRegister  stm32f1xx_hal_eth.o
    0x080009a8   0x080009a8   0x00000084   Code   RO          117    i.HAL_ETH_Start     stm32f1xx_hal_eth.o
    0x08000a2c   0x08000a2c   0x00000108   Code   RO          119    i.HAL_ETH_TransmitFrame  stm32f1xx_hal_eth.o
    0x08000b34   0x08000b34   0x00000078   Code   RO          121    i.HAL_ETH_WritePHYRegister  stm32f1xx_hal_eth.o
    0x08000bac   0x08000bac   0x000001bc   Code   RO          307    i.HAL_GPIO_Init     stm32f1xx_hal_gpio.o
    0x08000d68   0x08000d68   0x0000000a   Code   RO          311    i.HAL_GPIO_WritePin  stm32f1xx_hal_gpio.o
    0x08000d72   0x08000d72   0x00000002   PAD
    0x08000d74   0x08000d74   0x0000000c   Code   RO          261    i.HAL_GetTick       stm32f1xx_hal.o
    0x08000d80   0x08000d80   0x00000010   Code   RO          265    i.HAL_IncTick       stm32f1xx_hal.o
    0x08000d90   0x08000d90   0x00000024   Code   RO          266    i.HAL_Init          stm32f1xx_hal.o
    0x08000db4   0x08000db4   0x00000040   Code   RO          267    i.HAL_InitTick      stm32f1xx_hal.o
    0x08000df4   0x08000df4   0x0000003c   Code   RO           89    i.HAL_MspInit       stm32f1xx_hal_msp.o
    0x08000e30   0x08000e30   0x00000040   Code   RO          339    i.HAL_NVIC_SetPriority  stm32f1xx_hal_cortex.o
    0x08000e70   0x08000e70   0x00000024   Code   RO          340    i.HAL_NVIC_SetPriorityGrouping  stm32f1xx_hal_cortex.o
    0x08000e94   0x08000e94   0x0000016c   Code   RO          278    i.HAL_RCC_ClockConfig  stm32f1xx_hal_rcc.o
    0x08001000   0x08001000   0x0000000c   Code   RO          283    i.HAL_RCC_GetHCLKFreq  stm32f1xx_hal_rcc.o
    0x0800100c   0x0800100c   0x00000020   Code   RO          285    i.HAL_RCC_GetPCLK1Freq  stm32f1xx_hal_rcc.o
    0x0800102c   0x0800102c   0x00000020   Code   RO          286    i.HAL_RCC_GetPCLK2Freq  stm32f1xx_hal_rcc.o
    0x0800104c   0x0800104c   0x000000c4   Code   RO          287    i.HAL_RCC_GetSysClockFreq  stm32f1xx_hal_rcc.o
    0x08001110   0x08001110   0x00000048   Code   RO          288    i.HAL_RCC_MCOConfig  stm32f1xx_hal_rcc.o
    0x08001158   0x08001158   0x000003c8   Code   RO          290    i.HAL_RCC_OscConfig  stm32f1xx_hal_rcc.o
    0x08001520   0x08001520   0x00000082   Code   RO          183    i.HAL_SPI_Init      stm32f1xx_hal_spi_ex.o
    0x080015a2   0x080015a2   0x00000002   PAD
    0x080015a4   0x080015a4   0x00000080   Code   RO           63    i.HAL_SPI_MspInit   spi.o
    0x08001624   0x08001624   0x00000150   Code   RO          139    i.HAL_SPI_Receive   stm32f1xx_hal_spi.o
    0x08001774   0x08001774   0x00000168   Code   RO          144    i.HAL_SPI_Transmit  stm32f1xx_hal_spi.o
    0x080018dc   0x080018dc   0x000001d8   Code   RO          145    i.HAL_SPI_TransmitReceive  stm32f1xx_hal_spi.o
    0x08001ab4   0x08001ab4   0x00000028   Code   RO          344    i.HAL_SYSTICK_Config  stm32f1xx_hal_cortex.o
    0x08001adc   0x08001adc   0x00000062   Code   RO          218    i.HAL_UART_Init     stm32f1xx_hal_uart.o
    0x08001b3e   0x08001b3e   0x00000002   PAD
    0x08001b40   0x08001b40   0x00000070   Code   RO           70    i.HAL_UART_MspInit  usart.o
    0x08001bb0   0x08001bb0   0x000000ba   Code   RO          226    i.HAL_UART_Transmit  stm32f1xx_hal_uart.o
    0x08001c6a   0x08001c6a   0x00000002   Code   RO           79    i.HardFault_Handler  stm32f1xx_it.o
    0x08001c6c   0x08001c6c   0x00000054   Code   RO           15    i.LFS_Config        main.o
    0x08001cc0   0x08001cc0   0x000000b8   Code   RO           32    i.MX_GPIO_Init      gpio.o
    0x08001d78   0x08001d78   0x00000064   Code   RO           36    i.MX_LWIP_Init      lwip.o
    0x08001ddc   0x08001ddc   0x00000014   Code   RO           37    i.MX_LWIP_Process   lwip.o
    0x08001df0   0x08001df0   0x00000044   Code   RO           64    i.MX_SPI3_Init      spi.o
    0x08001e34   0x08001e34   0x00000038   Code   RO           71    i.MX_USART1_UART_Init  usart.o
    0x08001e6c   0x08001e6c   0x00000002   Code   RO           80    i.MemManage_Handler  stm32f1xx_it.o
    0x08001e6e   0x08001e6e   0x00000002   Code   RO           81    i.NMI_Handler       stm32f1xx_it.o
    0x08001e70   0x08001e70   0x00000020   Code   RO          346    i.NVIC_SetPriority  stm32f1xx_hal_cortex.o
    0x08001e90   0x08001e90   0x00000002   Code   RO           82    i.PendSV_Handler    stm32f1xx_it.o
    0x08001e92   0x08001e92   0x00000020   Code   RO          160    i.SPI_CheckFlag_BSY  stm32f1xx_hal_spi.o
    0x08001eb2   0x08001eb2   0x00000096   Code   RO          179    i.SPI_WaitFlagStateUntilTimeout  stm32f1xx_hal_spi.o
    0x08001f48   0x08001f48   0x00000002   Code   RO           83    i.SVC_Handler       stm32f1xx_it.o
    0x08001f4a   0x08001f4a   0x00000004   Code   RO           84    i.SysTick_Handler   stm32f1xx_it.o
    0x08001f4e   0x08001f4e   0x00000002   PAD
    0x08001f50   0x08001f50   0x00000074   Code   RO           16    i.SystemClock_Config  main.o
    0x08001fc4   0x08001fc4   0x00000054   Code   RO          405    i.SystemInit        system_stm32f1xx.o
    0x08002018   0x08002018   0x00000028   Code   RO           17    i.TFTP_Config       main.o
    0x08002040   0x08002040   0x00000170   Code   RO          244    i.UART_SetConfig    stm32f1xx_hal_uart.o
    0x080021b0   0x080021b0   0x00000064   Code   RO          246    i.UART_WaitOnFlagUntilTimeout  stm32f1xx_hal_uart.o
    0x08002214   0x08002214   0x00000002   Code   RO           85    i.UsageFault_Handler  stm32f1xx_it.o
    0x08002216   0x08002216   0x00000002   PAD
    0x08002218   0x08002218   0x0000007c   Code   RO          415    i.W25qxx_EraseSector  w25qxx.o
    0x08002294   0x08002294   0x00000104   Code   RO          416    i.W25qxx_Init       w25qxx.o
    0x08002398   0x08002398   0x0000007c   Code   RO          424    i.W25qxx_ReadBytes  w25qxx.o
    0x08002414   0x08002414   0x00000048   Code   RO          425    i.W25qxx_ReadID     w25qxx.o
    0x0800245c   0x0800245c   0x000000a8   Code   RO          426    i.W25qxx_ReadPage   w25qxx.o
    0x08002504   0x08002504   0x00000020   Code   RO          432    i.W25qxx_Spi        w25qxx.o
    0x08002524   0x08002524   0x0000004c   Code   RO          433    i.W25qxx_WaitForWriteEnd  w25qxx.o
    0x08002570   0x08002570   0x0000002c   Code   RO          437    i.W25qxx_WriteEnable  w25qxx.o
    0x0800259c   0x0800259c   0x00000050   Code   RO          438    i.W25qxx_WriteNoCheck  w25qxx.o
    0x080025ec   0x080025ec   0x00000098   Code   RO          439    i.W25qxx_WritePage  w25qxx.o
    0x08002684   0x08002684   0x00000020   Code   RO         1216    i.__0printf$5       mc_w.l(printf5.o)
    0x080026a4   0x080026a4   0x0000000e   Code   RO         1332    i.__scatterload_copy  mc_w.l(handlers.o)
    0x080026b2   0x080026b2   0x00000002   Code   RO         1333    i.__scatterload_null  mc_w.l(handlers.o)
    0x080026b4   0x080026b4   0x0000000e   Code   RO         1334    i.__scatterload_zeroinit  mc_w.l(handlers.o)
    0x080026c2   0x080026c2   0x00000002   PAD
    0x080026c4   0x080026c4   0x000002c0   Code   RO         1223    i._printf_core      mc_w.l(printf5.o)
    0x08002984   0x08002984   0x0000000e   Code   RO           18    i.block_device_erase  main.o
    0x08002992   0x08002992   0x00000016   Code   RO           19    i.block_device_prog  main.o
    0x080029a8   0x080029a8   0x00000016   Code   RO           20    i.block_device_read  main.o
    0x080029be   0x080029be   0x00000004   Code   RO           21    i.block_device_sync  main.o
    0x080029c2   0x080029c2   0x00000002   PAD
    0x080029c4   0x080029c4   0x00000034   Code   RO         1102    i.close_handle      tftp_server.o
    0x080029f8   0x080029f8   0x0000001e   Code   RO          973    i.dhcp_arp_reply    dhcp.o
    0x08002a16   0x08002a16   0x000000d8   Code   RO          974    i.dhcp_bind         dhcp.o
    0x08002aee   0x08002aee   0x00000034   Code   RO          975    i.dhcp_check        dhcp.o
    0x08002b22   0x08002b22   0x00000002   PAD
    0x08002b24   0x08002b24   0x000000ac   Code   RO          977    i.dhcp_coarse_tmr   dhcp.o
    0x08002bd0   0x08002bd0   0x000000d0   Code   RO          978    i.dhcp_create_msg   dhcp.o
    0x08002ca0   0x08002ca0   0x00000020   Code   RO          979    i.dhcp_dec_pcb_refcount  dhcp.o
    0x08002cc0   0x08002cc0   0x0000009c   Code   RO          980    i.dhcp_decline      dhcp.o
    0x08002d5c   0x08002d5c   0x000000e8   Code   RO          981    i.dhcp_discover     dhcp.o
    0x08002e44   0x08002e44   0x00000034   Code   RO          982    i.dhcp_fine_tmr     dhcp.o
    0x08002e78   0x08002e78   0x00000064   Code   RO          983    i.dhcp_handle_ack   dhcp.o
    0x08002edc   0x08002edc   0x00000050   Code   RO          984    i.dhcp_inc_pcb_refcount  dhcp.o
    0x08002f2c   0x08002f2c   0x0000000e   Code   RO          987    i.dhcp_option       dhcp.o
    0x08002f3a   0x08002f3a   0x00000008   Code   RO          988    i.dhcp_option_byte  dhcp.o
    0x08002f42   0x08002f42   0x00000020   Code   RO          989    i.dhcp_option_long  dhcp.o
    0x08002f62   0x08002f62   0x00000010   Code   RO          990    i.dhcp_option_short  dhcp.o
    0x08002f72   0x08002f72   0x00000020   Code   RO          991    i.dhcp_option_trailer  dhcp.o
    0x08002f92   0x08002f92   0x00000002   PAD
    0x08002f94   0x08002f94   0x00000214   Code   RO          992    i.dhcp_parse_reply  dhcp.o
    0x080031a8   0x080031a8   0x000000d8   Code   RO          993    i.dhcp_rebind       dhcp.o
    0x08003280   0x08003280   0x00000100   Code   RO          994    i.dhcp_reboot       dhcp.o
    0x08003380   0x08003380   0x00000120   Code   RO          995    i.dhcp_recv         dhcp.o
    0x080034a0   0x080034a0   0x000000bc   Code   RO          997    i.dhcp_release_and_stop  dhcp.o
    0x0800355c   0x0800355c   0x000000d4   Code   RO          998    i.dhcp_renew        dhcp.o
    0x08003630   0x08003630   0x00000148   Code   RO          999    i.dhcp_select       dhcp.o
    0x08003778   0x08003778   0x00000010   Code   RO         1000    i.dhcp_set_state    dhcp.o
    0x08003788   0x08003788   0x00000074   Code   RO         1002    i.dhcp_start        dhcp.o
    0x080037fc   0x080037fc   0x0000001c   Code   RO         1004    i.dhcp_supplied_address  dhcp.o
    0x08003818   0x08003818   0x0000006c   Code   RO         1005    i.dhcp_timeout      dhcp.o
    0x08003884   0x08003884   0x0000000c   Code   RO          727    i.do_memp_free_pool  memp.o
    0x08003890   0x08003890   0x0000000e   Code   RO          728    i.do_memp_malloc_pool  memp.o
    0x0800389e   0x0800389e   0x00000002   PAD
    0x080038a0   0x080038a0   0x0000002c   Code   RO         1011    i.etharp_cleanup_netif  etharp.o
    0x080038cc   0x080038cc   0x000000f0   Code   RO         1013    i.etharp_find_entry  etharp.o
    0x080039bc   0x080039bc   0x00000024   Code   RO         1014    i.etharp_free_entry  etharp.o
    0x080039e0   0x080039e0   0x00000094   Code   RO         1016    i.etharp_input      etharp.o
    0x08003a74   0x08003a74   0x000000f4   Code   RO         1017    i.etharp_output     etharp.o
    0x08003b68   0x08003b68   0x00000060   Code   RO         1018    i.etharp_output_to_arp_index  etharp.o
    0x08003bc8   0x08003bc8   0x000000e4   Code   RO         1019    i.etharp_query      etharp.o
    0x08003cac   0x08003cac   0x0000008a   Code   RO         1020    i.etharp_raw        etharp.o
    0x08003d36   0x08003d36   0x00000002   PAD
    0x08003d38   0x08003d38   0x0000000c   Code   RO         1021    i.etharp_request    etharp.o
    0x08003d44   0x08003d44   0x00000020   Code   RO         1022    i.etharp_request_dst  etharp.o
    0x08003d64   0x08003d64   0x00000060   Code   RO         1023    i.etharp_tmr        etharp.o
    0x08003dc4   0x08003dc4   0x00000084   Code   RO         1024    i.etharp_update_arp_entry  etharp.o
    0x08003e48   0x08003e48   0x000000a4   Code   RO          591    i.ethernet_input    ethernet.o
    0x08003eec   0x08003eec   0x0000004a   Code   RO          592    i.ethernet_output   ethernet.o
    0x08003f36   0x08003f36   0x00000002   PAD
    0x08003f38   0x08003f38   0x00000028   Code   RO           51    i.ethernetif_init   ethernetif.o
    0x08003f60   0x08003f60   0x00000022   Code   RO           52    i.ethernetif_input  ethernetif.o
    0x08003f82   0x08003f82   0x00000002   PAD
    0x08003f84   0x08003f84   0x00000064   Code   RO          612    i.extract_uri_parameters  httpd.o
    0x08003fe8   0x08003fe8   0x00000018   Code   RO           72    i.fputc             usart.o
    0x08004000   0x08004000   0x00000050   Code   RO         1280    i.free              mc_w.l(malloc.o)
    0x08004050   0x08004050   0x00000008   Code   RO          645    i.fs_bytes_left     fs.o
    0x08004058   0x08004058   0x0000000c   Code   RO          646    i.fs_close          fs.o
    0x08004064   0x08004064   0x00000024   Code   RO            8    i.fs_close_custom   fs_custom.o
    0x08004088   0x08004088   0x00000058   Code   RO          647    i.fs_open           fs.o
    0x080040e0   0x080040e0   0x00000054   Code   RO            9    i.fs_open_custom    fs_custom.o
    0x08004134   0x08004134   0x00000042   Code   RO          648    i.fs_read           fs.o
    0x08004176   0x08004176   0x00000002   PAD
    0x08004178   0x08004178   0x00000048   Code   RO           10    i.fs_read_custom    fs_custom.o
    0x080041c0   0x080041c0   0x00000054   Code   RO          613    i.get_http_content_length  httpd.o
    0x08004214   0x08004214   0x00000130   Code   RO          614    i.get_http_headers  httpd.o
    0x08004344   0x08004344   0x000000d0   Code   RO          615    i.get_tag_insert    httpd.o
    0x08004414   0x08004414   0x00000074   Code   RO          616    i.http_accept       httpd.o
    0x08004488   0x08004488   0x0000007a   Code   RO          617    i.http_check_eof    httpd.o
    0x08004502   0x08004502   0x00000006   Code   RO          618    i.http_close_conn   httpd.o
    0x08004508   0x08004508   0x00000060   Code   RO          619    i.http_close_or_abort_conn  httpd.o
    0x08004568   0x08004568   0x00000004   Code   RO          620    i.http_eof          httpd.o
    0x0800456c   0x0800456c   0x0000000a   Code   RO          621    i.http_err          httpd.o
    0x08004576   0x08004576   0x00000002   PAD
    0x08004578   0x08004578   0x00000180   Code   RO          622    i.http_find_file    httpd.o
    0x080046f8   0x080046f8   0x00000058   Code   RO          623    i.http_get_404_file  httpd.o
    0x08004750   0x08004750   0x000000cc   Code   RO          624    i.http_init_file    httpd.o
    0x0800481c   0x0800481c   0x00000108   Code   RO          625    i.http_parse_request  httpd.o
    0x08004924   0x08004924   0x00000036   Code   RO          626    i.http_poll         httpd.o
    0x0800495a   0x0800495a   0x0000007a   Code   RO          627    i.http_recv         httpd.o
    0x080049d4   0x080049d4   0x000000a2   Code   RO          628    i.http_send         httpd.o
    0x08004a76   0x08004a76   0x00000002   PAD
    0x08004a78   0x08004a78   0x00000304   Code   RO          629    i.http_send_data_ssi  httpd.o
    0x08004d7c   0x08004d7c   0x00000102   Code   RO          630    i.http_send_headers  httpd.o
    0x08004e7e   0x08004e7e   0x00000018   Code   RO          631    i.http_sent         httpd.o
    0x08004e96   0x08004e96   0x0000003c   Code   RO          634    i.http_state_free   httpd.o
    0x08004ed2   0x08004ed2   0x00000002   PAD
    0x08004ed4   0x08004ed4   0x00000064   Code   RO          635    i.http_uri_is_ssi   httpd.o
    0x08004f38   0x08004f38   0x00000056   Code   RO          636    i.http_write        httpd.o
    0x08004f8e   0x08004f8e   0x00000002   PAD
    0x08004f90   0x08004f90   0x0000003c   Code   RO          637    i.httpd_init        httpd.o
    0x08004fcc   0x08004fcc   0x00000008   Code   RO         1030    i.icmp_dest_unreach  icmp.o
    0x08004fd4   0x08004fd4   0x000000fc   Code   RO         1031    i.icmp_input        icmp.o
    0x080050d0   0x080050d0   0x0000006e   Code   RO         1032    i.icmp_send_response  icmp.o
    0x0800513e   0x0800513e   0x00000008   Code   RO         1033    i.icmp_time_exceeded  icmp.o
    0x08005146   0x08005146   0x0000002e   Code   RO         1050    i.ip4_addr_isbroadcast_u32  ip4_addr.o
    0x08005174   0x08005174   0x00000170   Code   RO         1062    i.ip4_frag          ip4_frag.o
    0x080052e4   0x080052e4   0x00000194   Code   RO         1040    i.ip4_input         ip4.o
    0x08005478   0x08005478   0x0000002c   Code   RO         1041    i.ip4_input_accept  ip4.o
    0x080054a4   0x080054a4   0x0000001e   Code   RO         1043    i.ip4_output_if     ip4.o
    0x080054c2   0x080054c2   0x00000002   PAD
    0x080054c4   0x080054c4   0x000000b0   Code   RO         1044    i.ip4_output_if_src  ip4.o
    0x08005574   0x08005574   0x000001bc   Code   RO         1063    i.ip4_reass         ip4_frag.o
    0x08005730   0x08005730   0x00000060   Code   RO         1045    i.ip4_route         ip4.o
    0x08005790   0x08005790   0x00000008   Code   RO         1064    i.ip_frag_free_pbuf_custom_ref  ip4_frag.o
    0x08005798   0x08005798   0x000000f0   Code   RO         1065    i.ip_reass_chain_frag_into_datagram_and_validate  ip4_frag.o
    0x08005888   0x08005888   0x00000024   Code   RO         1066    i.ip_reass_dequeue_datagram  ip4_frag.o
    0x080058ac   0x080058ac   0x00000070   Code   RO         1067    i.ip_reass_free_complete_datagram  ip4_frag.o
    0x0800591c   0x0800591c   0x00000080   Code   RO         1068    i.ip_reass_remove_oldest_datagram  ip4_frag.o
    0x0800599c   0x0800599c   0x0000002c   Code   RO         1069    i.ip_reass_tmr      ip4_frag.o
    0x080059c8   0x080059c8   0x00000016   Code   RO         1070    i.ipfrag_free_pbuf_custom  ip4_frag.o
    0x080059de   0x080059de   0x00000002   PAD
    0x080059e0   0x080059e0   0x000000f0   Code   RO          444    i.lfs_alloc         lfs.o
    0x08005ad0   0x08005ad0   0x00000034   Code   RO          445    i.lfs_alloc_lookahead  lfs.o
    0x08005b04   0x08005b04   0x00000054   Code   RO          446    i.lfs_bd_crc        lfs.o
    0x08005b58   0x08005b58   0x00000006   Code   RO          447    i.lfs_bd_erase      lfs.o
    0x08005b5e   0x08005b5e   0x00000016   Code   RO          448    i.lfs_bd_prog       lfs.o
    0x08005b74   0x08005b74   0x00000016   Code   RO          449    i.lfs_bd_read       lfs.o
    0x08005b8a   0x08005b8a   0x00000052   Code   RO          450    i.lfs_cache_cmp     lfs.o
    0x08005bdc   0x08005bdc   0x00000052   Code   RO          451    i.lfs_cache_flush   lfs.o
    0x08005c2e   0x08005c2e   0x00000100   Code   RO          452    i.lfs_cache_prog    lfs.o
    0x08005d2e   0x08005d2e   0x000000f2   Code   RO          453    i.lfs_cache_read    lfs.o
    0x08005e20   0x08005e20   0x00000018   Code   RO          454    i.lfs_cache_zero    lfs.o
    0x08005e38   0x08005e38   0x0000003c   Code   RO          514    i.lfs_crc           lfs_util.o
    0x08005e74   0x08005e74   0x0000000e   Code   RO          455    i.lfs_ctz           lfs.o
    0x08005e82   0x08005e82   0x00000002   PAD
    0x08005e84   0x08005e84   0x0000017c   Code   RO          456    i.lfs_ctz_extend    lfs.o
    0x08006000   0x08006000   0x000000a6   Code   RO          457    i.lfs_ctz_find      lfs.o
    0x080060a6   0x080060a6   0x00000040   Code   RO          458    i.lfs_ctz_index     lfs.o
    0x080060e6   0x080060e6   0x00000002   PAD
    0x080060e8   0x080060e8   0x0000009c   Code   RO          459    i.lfs_ctz_traverse  lfs.o
    0x08006184   0x08006184   0x00000030   Code   RO          460    i.lfs_deinit        lfs.o
    0x080061b4   0x080061b4   0x000001dc   Code   RO          461    i.lfs_deorphan      lfs.o
    0x08006390   0x08006390   0x0000005c   Code   RO          462    i.lfs_dir_alloc     lfs.o
    0x080063ec   0x080063ec   0x00000100   Code   RO          463    i.lfs_dir_append    lfs.o
    0x080064ec   0x080064ec   0x000002c0   Code   RO          465    i.lfs_dir_commit    lfs.o
    0x080067ac   0x080067ac   0x00000130   Code   RO          466    i.lfs_dir_fetch     lfs.o
    0x080068dc   0x080068dc   0x00000150   Code   RO          467    i.lfs_dir_find      lfs.o
    0x08006a2c   0x08006a2c   0x00000026   Code   RO          468    i.lfs_dir_fromle32  lfs.o
    0x08006a52   0x08006a52   0x00000086   Code   RO          469    i.lfs_dir_next      lfs.o
    0x08006ad8   0x08006ad8   0x000000ec   Code   RO          472    i.lfs_dir_remove    lfs.o
    0x08006bc4   0x08006bc4   0x00000026   Code   RO          476    i.lfs_dir_tole32    lfs.o
    0x08006bea   0x08006bea   0x00000002   PAD
    0x08006bec   0x08006bec   0x00000058   Code   RO          477    i.lfs_dir_update    lfs.o
    0x08006c44   0x08006c44   0x00000016   Code   RO          478    i.lfs_entry_fromle32  lfs.o
    0x08006c5a   0x08006c5a   0x0000000e   Code   RO          479    i.lfs_entry_size    lfs.o
    0x08006c68   0x08006c68   0x00000016   Code   RO          480    i.lfs_entry_tole32  lfs.o
    0x08006c7e   0x08006c7e   0x00000040   Code   RO          481    i.lfs_file_close    lfs.o
    0x08006cbe   0x08006cbe   0x00000002   PAD
    0x08006cc0   0x08006cc0   0x000000c8   Code   RO          482    i.lfs_file_flush    lfs.o
    0x08006d88   0x08006d88   0x0000000c   Code   RO          483    i.lfs_file_open     lfs.o
    0x08006d94   0x08006d94   0x0000013a   Code   RO          484    i.lfs_file_opencfg  lfs.o
    0x08006ece   0x08006ece   0x000000c4   Code   RO          485    i.lfs_file_read     lfs.o
    0x08006f92   0x08006f92   0x00000002   PAD
    0x08006f94   0x08006f94   0x000000c4   Code   RO          486    i.lfs_file_relocate  lfs.o
    0x08007058   0x08007058   0x00000012   Code   RO          487    i.lfs_file_rewind   lfs.o
    0x0800706a   0x0800706a   0x00000036   Code   RO          488    i.lfs_file_seek     lfs.o
    0x080070a0   0x080070a0   0x00000090   Code   RO          490    i.lfs_file_sync     lfs.o
    0x08007130   0x08007130   0x00000164   Code   RO          493    i.lfs_file_write    lfs.o
    0x08007294   0x08007294   0x0000013c   Code   RO          494    i.lfs_format        lfs.o
    0x080073d0   0x080073d0   0x00000008   Code   RO          495    i.lfs_fromle32      lfs.o
    0x080073d8   0x080073d8   0x000000b4   Code   RO          496    i.lfs_init          lfs.o
    0x0800748c   0x0800748c   0x00000004   Code   RO          497    i.lfs_malloc        lfs.o
    0x08007490   0x08007490   0x00000130   Code   RO          499    i.lfs_mount         lfs.o
    0x080075c0   0x080075c0   0x00000078   Code   RO          500    i.lfs_moved         lfs.o
    0x08007638   0x08007638   0x00000022   Code   RO          501    i.lfs_paircmp       lfs.o
    0x0800765a   0x0800765a   0x00000014   Code   RO          502    i.lfs_pairisnull    lfs.o
    0x0800766e   0x0800766e   0x0000006e   Code   RO          503    i.lfs_parent        lfs.o
    0x080076dc   0x080076dc   0x0000002e   Code   RO          504    i.lfs_popc          lfs.o
    0x0800770a   0x0800770a   0x00000002   PAD
    0x0800770c   0x0800770c   0x00000060   Code   RO          505    i.lfs_pred          lfs.o
    0x0800776c   0x0800776c   0x000000b0   Code   RO          506    i.lfs_relocate      lfs.o
    0x0800781c   0x0800781c   0x00000070   Code   RO          509    i.lfs_stat          lfs.o
    0x0800788c   0x0800788c   0x00000004   Code   RO          510    i.lfs_tole32        lfs.o
    0x08007890   0x08007890   0x0000010c   Code   RO          511    i.lfs_traverse      lfs.o
    0x0800799c   0x0800799c   0x00000108   Code   RO           53    i.low_level_init    ethernetif.o
    0x08007aa4   0x08007aa4   0x000000c0   Code   RO           54    i.low_level_input   ethernetif.o
    0x08007b64   0x08007b64   0x000000a8   Code   RO           55    i.low_level_output  ethernetif.o
    0x08007c0c   0x08007c0c   0x0000003c   Code   RO          935    i.lwip_cyclic_timer  timeouts.o
    0x08007c48   0x08007c48   0x00000004   Code   RO          682    i.lwip_htonl        def.o
    0x08007c4c   0x08007c4c   0x00000004   Code   RO          683    i.lwip_htons        def.o
    0x08007c50   0x08007c50   0x0000001e   Code   RO          706    i.lwip_init         init.o
    0x08007c6e   0x08007c6e   0x00000064   Code   RO          684    i.lwip_itoa         def.o
    0x08007cd2   0x08007cd2   0x00000002   PAD
    0x08007cd4   0x08007cd4   0x00000030   Code   RO          685    i.lwip_stricmp      def.o
    0x08007d04   0x08007d04   0x00000040   Code   RO          687    i.lwip_strnstr      def.o
    0x08007d44   0x08007d44   0x00000288   Code   RO           22    i.main              main.o
    0x08007fcc   0x08007fcc   0x0000006c   Code   RO         1281    i.malloc            mc_w.l(malloc.o)
    0x08008038   0x08008038   0x0000007c   Code   RO          715    i.mem_free          mem.o
    0x080080b4   0x080080b4   0x00000038   Code   RO          716    i.mem_init          mem.o
    0x080080ec   0x080080ec   0x000000c0   Code   RO          717    i.mem_malloc        mem.o
    0x080081ac   0x080081ac   0x00000010   Code   RO          718    i.mem_to_ptr        mem.o
    0x080081bc   0x080081bc   0x000000cc   Code   RO          719    i.mem_trim          mem.o
    0x08008288   0x08008288   0x00000018   Code   RO          729    i.memp_free         memp.o
    0x080082a0   0x080082a0   0x00000020   Code   RO          731    i.memp_init         memp.o
    0x080082c0   0x080082c0   0x0000002a   Code   RO          732    i.memp_init_pool    memp.o
    0x080082ea   0x080082ea   0x00000002   PAD
    0x080082ec   0x080082ec   0x00000018   Code   RO          733    i.memp_malloc       memp.o
    0x08008304   0x08008304   0x000000a8   Code   RO          766    i.netif_add         netif.o
    0x080083ac   0x080083ac   0x00000016   Code   RO          768    i.netif_do_ip_addr_changed  netif.o
    0x080083c2   0x080083c2   0x00000016   Code   RO          769    i.netif_do_set_gw   netif.o
    0x080083d8   0x080083d8   0x00000034   Code   RO          770    i.netif_do_set_ipaddr  netif.o
    0x0800840c   0x0800840c   0x00000016   Code   RO          771    i.netif_do_set_netmask  netif.o
    0x08008422   0x08008422   0x00000002   PAD
    0x08008424   0x08008424   0x00000028   Code   RO          773    i.netif_get_by_index  netif.o
    0x0800844c   0x0800844c   0x00000002   Code   RO          775    i.netif_init        netif.o
    0x0800844e   0x0800844e   0x00000024   Code   RO          777    i.netif_issue_reports  netif.o
    0x08008472   0x08008472   0x00000006   Code   RO          779    i.netif_null_output_ip4  netif.o
    0x08008478   0x08008478   0x00000060   Code   RO          781    i.netif_set_addr    netif.o
    0x080084d8   0x080084d8   0x0000000c   Code   RO          782    i.netif_set_default  netif.o
    0x080084e4   0x080084e4   0x0000001e   Code   RO          783    i.netif_set_down    netif.o
    0x08008502   0x08008502   0x0000001c   Code   RO          789    i.netif_set_up      netif.o
    0x0800851e   0x0800851e   0x00000006   Code   RO          794    i.pbuf_add_header   pbuf.o
    0x08008524   0x08008524   0x00000046   Code   RO          796    i.pbuf_add_header_impl  pbuf.o
    0x0800856a   0x0800856a   0x00000002   PAD
    0x0800856c   0x0800856c   0x000000e4   Code   RO          797    i.pbuf_alloc        pbuf.o
    0x08008650   0x08008650   0x0000002e   Code   RO          798    i.pbuf_alloc_reference  pbuf.o
    0x0800867e   0x0800867e   0x00000036   Code   RO          799    i.pbuf_alloced_custom  pbuf.o
    0x080086b4   0x080086b4   0x00000028   Code   RO          800    i.pbuf_cat          pbuf.o
    0x080086dc   0x080086dc   0x00000012   Code   RO          801    i.pbuf_chain        pbuf.o
    0x080086ee   0x080086ee   0x00000012   Code   RO          802    i.pbuf_clen         pbuf.o
    0x08008700   0x08008700   0x0000001e   Code   RO          803    i.pbuf_clone        pbuf.o
    0x0800871e   0x0800871e   0x0000008e   Code   RO          805    i.pbuf_copy         pbuf.o
    0x080087ac   0x080087ac   0x00000066   Code   RO          806    i.pbuf_copy_partial  pbuf.o
    0x08008812   0x08008812   0x00000054   Code   RO          808    i.pbuf_free         pbuf.o
    0x08008866   0x08008866   0x00000002   PAD
    0x08008868   0x08008868   0x00000024   Code   RO          810    i.pbuf_free_ooseq   pbuf.o
    0x0800888c   0x0800888c   0x00000012   Code   RO          811    i.pbuf_get_at       pbuf.o
    0x0800889e   0x0800889e   0x00000006   Code   RO          814    i.pbuf_header_force  pbuf.o
    0x080088a4   0x080088a4   0x0000000e   Code   RO          815    i.pbuf_header_impl  pbuf.o
    0x080088b2   0x080088b2   0x0000001c   Code   RO          816    i.pbuf_init_alloced_pbuf  pbuf.o
    0x080088ce   0x080088ce   0x0000005c   Code   RO          817    i.pbuf_memcmp       pbuf.o
    0x0800892a   0x0800892a   0x0000003c   Code   RO          818    i.pbuf_memfind      pbuf.o
    0x08008966   0x08008966   0x00000058   Code   RO          820    i.pbuf_realloc      pbuf.o
    0x080089be   0x080089be   0x0000000c   Code   RO          821    i.pbuf_ref          pbuf.o
    0x080089ca   0x080089ca   0x0000002e   Code   RO          822    i.pbuf_remove_header  pbuf.o
    0x080089f8   0x080089f8   0x00000018   Code   RO          824    i.pbuf_skip_const   pbuf.o
    0x08008a10   0x08008a10   0x00000020   Code   RO          828    i.pbuf_try_get_at   pbuf.o
    0x08008a30   0x08008a30   0x0000007c   Code   RO          720    i.plug_holes        mem.o
    0x08008aac   0x08008aac   0x0000000c   Code   RO          721    i.ptr_to_mem        mem.o
    0x08008ab8   0x08008ab8   0x000002d8   Code   RO         1103    i.recv              tftp_server.o
    0x08008d90   0x08008d90   0x00000040   Code   RO         1104    i.resend_data       tftp_server.o
    0x08008dd0   0x08008dd0   0x00000044   Code   RO         1105    i.send_ack          tftp_server.o
    0x08008e14   0x08008e14   0x00000098   Code   RO         1106    i.send_data         tftp_server.o
    0x08008eac   0x08008eac   0x00000060   Code   RO         1107    i.send_error        tftp_server.o
    0x08008f0c   0x08008f0c   0x00000054   Code   RO          936    i.sys_check_timeouts  timeouts.o
    0x08008f60   0x08008f60   0x00000004   Code   RO           57    i.sys_now           ethernetif.o
    0x08008f64   0x08008f64   0x0000001a   Code   RO          938    i.sys_timeout       timeouts.o
    0x08008f7e   0x08008f7e   0x00000002   PAD
    0x08008f80   0x08008f80   0x00000050   Code   RO          939    i.sys_timeout_abs   timeouts.o
    0x08008fd0   0x08008fd0   0x00000028   Code   RO          940    i.sys_timeouts_init  timeouts.o
    0x08008ff8   0x08008ff8   0x0000003c   Code   RO          942    i.sys_untimeout     timeouts.o
    0x08009034   0x08009034   0x000000d4   Code   RO          842    i.tcp_abandon       tcp.o
    0x08009108   0x08009108   0x00000006   Code   RO          843    i.tcp_abort         tcp.o
    0x0800910e   0x0800910e   0x0000000e   Code   RO          844    i.tcp_accept        tcp.o
    0x0800911c   0x0800911c   0x0000000e   Code   RO          845    i.tcp_accept_null   tcp.o
    0x0800912a   0x0800912a   0x00000002   PAD
    0x0800912c   0x0800912c   0x00000124   Code   RO          846    i.tcp_alloc         tcp.o
    0x08009250   0x08009250   0x00000008   Code   RO          847    i.tcp_arg           tcp.o
    0x08009258   0x08009258   0x00000094   Code   RO          848    i.tcp_bind          tcp.o
    0x080092ec   0x080092ec   0x0000001c   Code   RO          850    i.tcp_close         tcp.o
    0x08009308   0x08009308   0x00000108   Code   RO          851    i.tcp_close_shutdown  tcp.o
    0x08009410   0x08009410   0x00000050   Code   RO          852    i.tcp_close_shutdown_fin  tcp.o
    0x08009460   0x08009460   0x00000098   Code   RO          910    i.tcp_create_segment  tcp_out.o
    0x080094f8   0x080094f8   0x0000001e   Code   RO          855    i.tcp_eff_send_mss_netif  tcp.o
    0x08009516   0x08009516   0x00000088   Code   RO          911    i.tcp_enqueue_flags  tcp_out.o
    0x0800959e   0x0800959e   0x0000000a   Code   RO          856    i.tcp_err           tcp.o
    0x080095a8   0x080095a8   0x0000006c   Code   RO          857    i.tcp_fasttmr       tcp.o
    0x08009614   0x08009614   0x00000008   Code   RO          858    i.tcp_free          tcp.o
    0x0800961c   0x0800961c   0x00000060   Code   RO          894    i.tcp_free_acked_segments  tcp_in.o
    0x0800967c   0x0800967c   0x00000014   Code   RO          859    i.tcp_free_ooseq    tcp.o
    0x08009690   0x08009690   0x00000028   Code   RO          895    i.tcp_get_next_optbyte  tcp_in.o
    0x080096b8   0x080096b8   0x00000018   Code   RO          860    i.tcp_init          tcp.o
    0x080096d0   0x080096d0   0x000003b4   Code   RO          896    i.tcp_input         tcp_in.o
    0x08009a84   0x08009a84   0x00000040   Code   RO          897    i.tcp_input_delayed_close  tcp_in.o
    0x08009ac4   0x08009ac4   0x00000032   Code   RO          912    i.tcp_keepalive     tcp_out.o
    0x08009af6   0x08009af6   0x00000002   PAD
    0x08009af8   0x08009af8   0x0000003c   Code   RO          861    i.tcp_kill_state    tcp.o
    0x08009b34   0x08009b34   0x00000108   Code   RO          898    i.tcp_listen_input  tcp_in.o
    0x08009c3c   0x08009c3c   0x00000006   Code   RO          862    i.tcp_listen_with_backlog  tcp.o
    0x08009c42   0x08009c42   0x00000002   PAD
    0x08009c44   0x08009c44   0x000000a0   Code   RO          863    i.tcp_listen_with_backlog_and_err  tcp.o
    0x08009ce4   0x08009ce4   0x0000004c   Code   RO          864    i.tcp_netif_ip_addr_changed  tcp.o
    0x08009d30   0x08009d30   0x00000022   Code   RO          865    i.tcp_netif_ip_addr_changed_pcblist  tcp.o
    0x08009d52   0x08009d52   0x00000006   Code   RO          867    i.tcp_new_ip_type   tcp.o
    0x08009d58   0x08009d58   0x00000060   Code   RO          868    i.tcp_new_port      tcp.o
    0x08009db8   0x08009db8   0x00000010   Code   RO          869    i.tcp_next_iss      tcp.o
    0x08009dc8   0x08009dc8   0x00000078   Code   RO          899    i.tcp_oos_insert_segment  tcp_in.o
    0x08009e40   0x08009e40   0x000001fc   Code   RO          913    i.tcp_output        tcp_out.o
    0x0800a03c   0x0800a03c   0x0000002a   Code   RO          914    i.tcp_output_alloc_header  tcp_out.o
    0x0800a066   0x0800a066   0x0000006a   Code   RO          915    i.tcp_output_alloc_header_common  tcp_out.o
    0x0800a0d0   0x0800a0d0   0x00000044   Code   RO          916    i.tcp_output_control_segment  tcp_out.o
    0x0800a114   0x0800a114   0x000000a8   Code   RO          917    i.tcp_output_segment  tcp_out.o
    0x0800a1bc   0x0800a1bc   0x00000010   Code   RO          918    i.tcp_output_segment_busy  tcp_out.o
    0x0800a1cc   0x0800a1cc   0x00000074   Code   RO          900    i.tcp_parseopt      tcp_in.o
    0x0800a240   0x0800a240   0x00000050   Code   RO          919    i.tcp_pbuf_prealloc  tcp_out.o
    0x0800a290   0x0800a290   0x00000046   Code   RO          870    i.tcp_pcb_purge     tcp.o
    0x0800a2d6   0x0800a2d6   0x00000050   Code   RO          871    i.tcp_pcb_remove    tcp.o
    0x0800a326   0x0800a326   0x0000000c   Code   RO          872    i.tcp_poll          tcp.o
    0x0800a332   0x0800a332   0x00000002   PAD
    0x0800a334   0x0800a334   0x00000378   Code   RO          901    i.tcp_process       tcp_in.o
    0x0800a6ac   0x0800a6ac   0x00000074   Code   RO          873    i.tcp_process_refused_data  tcp.o
    0x0800a720   0x0800a720   0x0000066c   Code   RO          902    i.tcp_receive       tcp_in.o
    0x0800ad8c   0x0800ad8c   0x0000000a   Code   RO          874    i.tcp_recv          tcp.o
    0x0800ad96   0x0800ad96   0x0000002c   Code   RO          875    i.tcp_recv_null     tcp.o
    0x0800adc2   0x0800adc2   0x0000003e   Code   RO          876    i.tcp_recved        tcp.o
    0x0800ae00   0x0800ae00   0x00000066   Code   RO          920    i.tcp_rexmit        tcp_out.o
    0x0800ae66   0x0800ae66   0x0000005c   Code   RO          921    i.tcp_rexmit_fast   tcp_out.o
    0x0800aec2   0x0800aec2   0x00000018   Code   RO          922    i.tcp_rexmit_rto    tcp_out.o
    0x0800aeda   0x0800aeda   0x00000012   Code   RO          923    i.tcp_rexmit_rto_commit  tcp_out.o
    0x0800aeec   0x0800aeec   0x00000066   Code   RO          924    i.tcp_rexmit_rto_prepare  tcp_out.o
    0x0800af52   0x0800af52   0x00000010   Code   RO          925    i.tcp_route         tcp_out.o
    0x0800af62   0x0800af62   0x0000004a   Code   RO          926    i.tcp_rst           tcp_out.o
    0x0800afac   0x0800afac   0x00000028   Code   RO          877    i.tcp_seg_copy      tcp.o
    0x0800afd4   0x0800afd4   0x0000001c   Code   RO          878    i.tcp_seg_free      tcp.o
    0x0800aff0   0x0800aff0   0x00000012   Code   RO          879    i.tcp_segs_free     tcp.o
    0x0800b002   0x0800b002   0x00000046   Code   RO          927    i.tcp_send_empty_ack  tcp_out.o
    0x0800b048   0x0800b048   0x00000044   Code   RO          928    i.tcp_send_fin      tcp_out.o
    0x0800b08c   0x0800b08c   0x0000000a   Code   RO          880    i.tcp_sent          tcp.o
    0x0800b096   0x0800b096   0x00000008   Code   RO          881    i.tcp_setprio       tcp.o
    0x0800b09e   0x0800b09e   0x00000002   PAD
    0x0800b0a0   0x0800b0a0   0x000002c8   Code   RO          883    i.tcp_slowtmr       tcp.o
    0x0800b368   0x0800b368   0x00000118   Code   RO          929    i.tcp_split_unsent_seg  tcp_out.o
    0x0800b480   0x0800b480   0x00000034   Code   RO          943    i.tcp_timer_needed  timeouts.o
    0x0800b4b4   0x0800b4b4   0x00000068   Code   RO          903    i.tcp_timewait_input  tcp_in.o
    0x0800b51c   0x0800b51c   0x00000020   Code   RO          885    i.tcp_tmr           tcp.o
    0x0800b53c   0x0800b53c   0x00000010   Code   RO          904    i.tcp_trigger_input_pcb_close  tcp_in.o
    0x0800b54c   0x0800b54c   0x00000034   Code   RO          887    i.tcp_update_rcv_ann_wnd  tcp.o
    0x0800b580   0x0800b580   0x00000354   Code   RO          930    i.tcp_write         tcp_out.o
    0x0800b8d4   0x0800b8d4   0x000000a0   Code   RO          931    i.tcp_zero_window_probe  tcp_out.o
    0x0800b974   0x0800b974   0x00000038   Code   RO          944    i.tcpip_tcp_timer   timeouts.o
    0x0800b9ac   0x0800b9ac   0x0000001c   Code   RO           23    i.tftp_close        main.o
    0x0800b9c8   0x0800b9c8   0x00000054   Code   RO         1109    i.tftp_init         tftp_server.o
    0x0800ba1c   0x0800ba1c   0x00000088   Code   RO           24    i.tftp_open         main.o
    0x0800baa4   0x0800baa4   0x00000028   Code   RO           25    i.tftp_read         main.o
    0x0800bacc   0x0800bacc   0x00000050   Code   RO         1110    i.tftp_tmr          tftp_server.o
    0x0800bb1c   0x0800bb1c   0x00000010   Code   RO           26    i.tftp_write        main.o
    0x0800bb2c   0x0800bb2c   0x000000b8   Code   RO          951    i.udp_bind          udp.o
    0x0800bbe4   0x0800bbe4   0x00000050   Code   RO          953    i.udp_connect       udp.o
    0x0800bc34   0x0800bc34   0x00000018   Code   RO          955    i.udp_init          udp.o
    0x0800bc4c   0x0800bc4c   0x00000158   Code   RO          956    i.udp_input         udp.o
    0x0800bda4   0x0800bda4   0x00000034   Code   RO          957    i.udp_netif_ip_addr_changed  udp.o
    0x0800bdd8   0x0800bdd8   0x0000001a   Code   RO          958    i.udp_new           udp.o
    0x0800bdf2   0x0800bdf2   0x00000004   Code   RO          959    i.udp_new_ip_type   udp.o
    0x0800bdf6   0x0800bdf6   0x0000000a   Code   RO          960    i.udp_recv          udp.o
    0x0800be00   0x0800be00   0x00000034   Code   RO          961    i.udp_remove        udp.o
    0x0800be34   0x0800be34   0x00000040   Code   RO          963    i.udp_sendto        udp.o
    0x0800be74   0x0800be74   0x0000003c   Code   RO          964    i.udp_sendto_if     udp.o
    0x0800beb0   0x0800beb0   0x000000c2   Code   RO          965    i.udp_sendto_if_src  udp.o
    0x0800bf72   0x0800bf72   0x00000010   Data   RO          406    .constdata          system_stm32f1xx.o
    0x0800bf82   0x0800bf82   0x00000008   Data   RO          407    .constdata          system_stm32f1xx.o
    0x0800bf8a   0x0800bf8a   0x00000002   PAD
    0x0800bf8c   0x0800bf8c   0x00000154   Data   RO          513    .constdata          lfs.o
    0x0800c0e0   0x0800c0e0   0x00000040   Data   RO          515    .constdata          lfs_util.o
    0x0800c120   0x0800c120   0x00000006   Data   RO          593    .constdata          ethernet.o
    0x0800c126   0x0800c126   0x00000006   Data   RO          594    .constdata          ethernet.o
    0x0800c12c   0x0800c12c   0x00000124   Data   RO          639    .constdata          httpd.o
    0x0800c250   0x0800c250   0x00000365   Data   RO          649    .constdata          fs.o
    0x0800c5b5   0x0800c5b5   0x000002ce   Data   RO          650    .constdata          fs.o
    0x0800c883   0x0800c883   0x00000765   Data   RO          651    .constdata          fs.o
    0x0800cfe8   0x0800cfe8   0x00000014   Data   RO          652    .constdata          fs.o
    0x0800cffc   0x0800cffc   0x00000014   Data   RO          653    .constdata          fs.o
    0x0800d010   0x0800d010   0x00000014   Data   RO          654    .constdata          fs.o
    0x0800d024   0x0800d024   0x0000000c   Data   RO          744    .constdata          memp.o
    0x0800d030   0x0800d030   0x0000000c   Data   RO          745    .constdata          memp.o
    0x0800d03c   0x0800d03c   0x0000000c   Data   RO          746    .constdata          memp.o
    0x0800d048   0x0800d048   0x0000000c   Data   RO          747    .constdata          memp.o
    0x0800d054   0x0800d054   0x0000000c   Data   RO          748    .constdata          memp.o
    0x0800d060   0x0800d060   0x0000000c   Data   RO          749    .constdata          memp.o
    0x0800d06c   0x0800d06c   0x0000000c   Data   RO          750    .constdata          memp.o
    0x0800d078   0x0800d078   0x0000000c   Data   RO          751    .constdata          memp.o
    0x0800d084   0x0800d084   0x0000000c   Data   RO          752    .constdata          memp.o
    0x0800d090   0x0800d090   0x00000024   Data   RO          753    .constdata          memp.o
    0x0800d0b4   0x0800d0b4   0x00000054   Data   RO          888    .constdata          tcp.o
    0x0800d108   0x0800d108   0x00000028   Data   RO          945    .constdata          timeouts.o
    0x0800d130   0x0800d130   0x00000004   Data   RO         1057    .constdata          ip4_addr.o
    0x0800d134   0x0800d134   0x00000004   Data   RO         1058    .constdata          ip4_addr.o
    0x0800d138   0x0800d138   0x000004bc   Data   RO          640    .conststring        httpd.o
    0x0800d5f4   0x0800d5f4   0x00000075   Data   RO          889    .conststring        tcp.o
    0x0800d669   0x0800d669   0x00000003   PAD
    0x0800d66c   0x0800d66c   0x00000020   Data   RO         1330    Region$$Table       anon$$obj.o


    Execution Region RW_IRAM1 (Exec base: 0x20000000, Load base: 0x0800d68c, Size: 0x0000e908, Max: 0x00010000, ABSOLUTE)

    Exec Addr    Load Addr    Size         Type   Attr      Idx    E Section Name        Object

    0x20000000   0x0800d68c   0x0000000c   Data   RW           45    .data               lwip.o
    0x2000000c   0x0800d698   0x0000000c   Data   RW          273    .data               stm32f1xx_hal.o
    0x20000018   0x0800d6a4   0x00000004   Data   RW          408    .data               system_stm32f1xx.o
    0x2000001c   0x0800d6a8   0x00000018   Data   RW          641    .data               httpd.o
    0x20000034   0x0800d6c0   0x0000000c   Data   RW          723    .data               mem.o
    0x20000040   0x0800d6cc   0x00000004   Data   RW          754    .data               memp.o
    0x20000044   0x0800d6d0   0x00000004   Data   RW          755    .data               memp.o
    0x20000048   0x0800d6d4   0x00000004   Data   RW          756    .data               memp.o
    0x2000004c   0x0800d6d8   0x00000004   Data   RW          757    .data               memp.o
    0x20000050   0x0800d6dc   0x00000004   Data   RW          758    .data               memp.o
    0x20000054   0x0800d6e0   0x00000004   Data   RW          759    .data               memp.o
    0x20000058   0x0800d6e4   0x00000004   Data   RW          760    .data               memp.o
    0x2000005c   0x0800d6e8   0x00000004   Data   RW          761    .data               memp.o
    0x20000060   0x0800d6ec   0x00000004   Data   RW          762    .data               memp.o
    0x20000064   0x0800d6f0   0x0000000c   Data   RW          790    .data               netif.o
    0x20000070   0x0800d6fc   0x00000001   Data   RW          829    .data               pbuf.o
    0x20000071   0x0800d6fd   0x00000003   PAD
    0x20000074   0x0800d700   0x00000020   Data   RW          890    .data               tcp.o
    0x20000094   0x0800d720   0x00000024   Data   RW          906    .data               tcp_in.o
    0x200000b8   0x0800d744   0x0000000c   Data   RW          947    .data               timeouts.o
    0x200000c4   0x0800d750   0x00000008   Data   RW          966    .data               udp.o
    0x200000cc   0x0800d758   0x00000014   Data   RW         1007    .data               dhcp.o
    0x200000e0   0x0800d76c   0x00000001   Data   RW         1026    .data               etharp.o
    0x200000e1   0x0800d76d   0x00000001   PAD
    0x200000e2   0x0800d76e   0x00000002   Data   RW         1046    .data               ip4.o
    0x200000e4   0x0800d770   0x00000008   Data   RW         1071    .data               ip4_frag.o
    0x200000ec   0x0800d778   0x00000004   Data   RW         1133    .data               mc_w.l(rand.o)
    0x200000f0   0x0800d77c   0x00000004   Data   RW         1309    .data               mc_w.l(stdout.o)
    0x200000f4   0x0800d780   0x00000004   Data   RW         1312    .data               mc_w.l(mvars.o)
    0x200000f8   0x0800d784   0x00000004   Data   RW         1313    .data               mc_w.l(mvars.o)
    0x200000fc        -       0x000020c4   Zero   RW           27    .bss                main.o
    0x200021c0        -       0x00000108   Zero   RW           28    .bss                main.o
    0x200022c8        -       0x00000034   Zero   RW           42    .bss                lwip.o
    0x200022fc        -       0x00004878   Zero   RW           58    .bss                ethernetif.o
    0x20006b74        -       0x00000058   Zero   RW           65    .bss                spi.o
    0x20006bcc        -       0x00000040   Zero   RW           73    .bss                usart.o
    0x20006c0c        -       0x00000028   Zero   RW          443    .bss                w25qxx.o
    0x20006c34        -       0x00000440   Zero   RW          638    .bss                httpd.o
    0x20007074        -       0x00000018   Zero   RW          710    .bss                ip.o
    0x2000708c        -       0x00000813   Zero   RW          722    .bss                mem.o
    0x2000789f        -       0x00000083   Zero   RW          735    .bss                memp.o
    0x20007922        -       0x0000030f   Zero   RW          736    .bss                memp.o
    0x20007c31        -       0x000000e3   Zero   RW          737    .bss                memp.o
    0x20007d14        -       0x00000183   Zero   RW          738    .bss                memp.o
    0x20007e97        -       0x000000a3   Zero   RW          739    .bss                memp.o
    0x20007f3a        -       0x0000016b   Zero   RW          740    .bss                memp.o
    0x200080a5        -       0x00000053   Zero   RW          741    .bss                memp.o
    0x200080f8        -       0x00000103   Zero   RW          742    .bss                memp.o
    0x200081fb        -       0x00005fc3   Zero   RW          743    .bss                memp.o
    0x2000e1be   0x0800d788   0x00000002   PAD
    0x2000e1c0        -       0x00000010   Zero   RW          905    .bss                tcp_in.o
    0x2000e1d0        -       0x00000020   Zero   RW         1006    .bss                dhcp.o
    0x2000e1f0        -       0x000000f0   Zero   RW         1025    .bss                etharp.o
    0x2000e2e0        -       0x00000024   Zero   RW         1111    .bss                tftp_server.o
    0x2000e304   0x0800d788   0x00000004   PAD
    0x2000e308        -       0x00000200   Zero   RW            2    HEAP                startup_stm32f107xc.o
    0x2000e508        -       0x00000400   Zero   RW            1    STACK               startup_stm32f107xc.o


==============================================================================

Image component sizes


      Code (inc. data)   RO Data    RW Data    ZI Data      Debug   Object Name

       220          0          0          0          0          0   def.o
      3720        136          0         20         32          0   dhcp.o
      1446         58          0          1        240          0   etharp.o
       238          4         12          0          0          0   ethernet.o
       902         62          0          0      18552          0   ethernetif.o
       174          6       3540          0          0          0   fs.o
       192         22          0          0          0          0   fs_custom.o
       184         14          0          0          0          0   gpio.o
      3688        310       1504         24       1088          0   httpd.o
       378          6          0          0          0          0   icmp.o
        30          0          0          0          0          0   init.o
         0          0          0          0         24          0   ip.o
       750         32          0          2          0          0   ip4.o
        46          0          8          0          0          0   ip4_addr.o
      1402         30          0          8          0          0   ip4_frag.o
      8052        626        340          0          0          0   lfs.o
        60          4         64          0          0          0   lfs_util.o
       120         22          0         12         52          0   lwip.o
      1172        478          0          0       8652          0   main.o
       728         38          0         12       2067          0   mem.o
       148         16        144         36      26911          0   memp.o
       536         30          0         12          0          0   netif.o
      1294         12          0          1          0          0   pbuf.o
       196         26          0          0         88          0   spi.o
        36          8        336          0       1536          0   startup_stm32f107xc.o
       164         28          0         12          0          0   stm32f1xx_hal.o
       172         14          0          0          0          0   stm32f1xx_hal_cortex.o
      1796         52          0          0          0          0   stm32f1xx_hal_eth.o
       454         36          0          0          0          0   stm32f1xx_hal_gpio.o
        60          8          0          0          0          0   stm32f1xx_hal_msp.o
      1676        126          0          0          0          0   stm32f1xx_hal_rcc.o
      1350          0          0          0          0          0   stm32f1xx_hal_spi.o
       130          0          0          0          0          0   stm32f1xx_hal_spi_ex.o
       752          4          0          0          0          0   stm32f1xx_hal_uart.o
        20          0          0          0          0          0   stm32f1xx_it.o
        84         16         24          4          0          0   system_stm32f1xx.o
      3014        106        201         32          0          0   tcp.o
      4300        160          0         36         16          0   tcp_in.o
      3184          8          0          0          0          0   tcp_out.o
      1324        370          0          0         36          0   tftp_server.o
       458         72         40         12          0          0   timeouts.o
      1094         34          0          8          0          0   udp.o
       192         24          0          0         64          0   usart.o
      1132         90          0          0         40          0   w25qxx.o

    ----------------------------------------------------------------------
     47146       3088       6250        236      59404          0   Object Totals
         0          0         32          0          0          0   (incl. Generated)
        78          0          5          4          6          0   (incl. Padding)

    ----------------------------------------------------------------------

      Code (inc. data)   RO Data    RW Data    ZI Data      Debug   Library Member Name

         0          0          0          0          0          0   entry.o
         0          0          0          0          0          0   entry10a.o
         0          0          0          0          0          0   entry11a.o
         8          4          0          0          0          0   entry2.o
         4          0          0          0          0          0   entry5.o
         0          0          0          0          0          0   entry7b.o
         0          0          0          0          0          0   entry8b.o
         8          4          0          0          0          0   entry9a.o
        30          0          0          0          0          0   handlers.o
        36          8          0          0          0          0   init.o
        30          0          0          0          0          0   llshl.o
        32          0          0          0          0          0   llushr.o
       188         20          0          0          0          0   malloc.o
        26          0          0          0          0          0   memcmp.o
        64          0          0          0          0          0   memmovea.o
        36          0          0          0          0          0   memseta.o
         0          0          0          8          0          0   mvars.o
       736         56          0          0          0          0   printf5.o
        36         10          0          4          0          0   rand.o
         0          0          0          4          0          0   stdout.o
        20          0          0          0          0          0   strchr.o
        28          0          0          0          0          0   strcmp.o
        34          0          0          0          0          0   strcspn.o
        14          0          0          0          0          0   strlen.o
        30          0          0          0          0          0   strncmp.o
        28          0          0          0          0          0   strspn.o
        36          0          0          0          0          0   strstr.o
        98          0          0          0          0          0   uldiv.o

    ----------------------------------------------------------------------
      1528        102          0         16          0          0   Library Totals
         6          0          0          0          0          0   (incl. Padding)

    ----------------------------------------------------------------------

      Code (inc. data)   RO Data    RW Data    ZI Data      Debug   Library Name

      1522        102          0         16          0          0   mc_w.l

    ----------------------------------------------------------------------
      1528        102          0         16          0          0   Library Totals

    ----------------------------------------------------------------------

==============================================================================


      Code (inc. data)   RO Data    RW Data    ZI Data      Debug   

     48674       3190       6250        252      59404          0   Grand Totals
     48674       3190       6250        252      59404          0   ELF Image Totals
     48674       3190       6250        252          0          0   ROM Totals

==============================================================================

    Total RO  Size (Code + RO Data)                54924 (  53.64kB)
    Total RW  Size (RW Data + ZI Data)             59656 (  58.26kB)
    Total ROM Size (Code + RO Data + RW Data)      55176 (  53.88kB)

==============================================================================

